Component: ARM Compiler 5.06 update 7 (build 960) Tool: armlink [4d3601]

==============================================================================

Section Cross References

    startup_stm32g431xx.o(RESET) refers to startup_stm32g431xx.o(STACK) for __initial_sp
    startup_stm32g431xx.o(RESET) refers to startup_stm32g431xx.o(.text) for Reset_Handler
    startup_stm32g431xx.o(RESET) refers to stm32g4xx_it.o(i.NMI_Handler) for NMI_Handler
    startup_stm32g431xx.o(RESET) refers to stm32g4xx_it.o(i.HardFault_Handler) for HardFault_Handler
    startup_stm32g431xx.o(RESET) refers to stm32g4xx_it.o(i.MemManage_Handler) for MemManage_Handler
    startup_stm32g431xx.o(RESET) refers to stm32g4xx_it.o(i.BusFault_Handler) for BusFault_Handler
    startup_stm32g431xx.o(RESET) refers to stm32g4xx_it.o(i.UsageFault_Handler) for UsageFault_Handler
    startup_stm32g431xx.o(RESET) refers to port.o(.emb_text) for SVC_Handler
    startup_stm32g431xx.o(RESET) refers to stm32g4xx_it.o(i.DebugMon_Handler) for DebugMon_Handler
    startup_stm32g431xx.o(RESET) refers to stm32g4xx_it.o(i.SysTick_Handler) for SysTick_Handler
    startup_stm32g431xx.o(RESET) refers to stm32g4xx_it.o(i.TIM2_IRQHandler) for TIM2_IRQHandler
    startup_stm32g431xx.o(RESET) refers to stm32g4xx_it.o(i.USART2_IRQHandler) for USART2_IRQHandler
    startup_stm32g431xx.o(.text) refers to system_stm32g4xx.o(i.SystemInit) for SystemInit
    startup_stm32g431xx.o(.text) refers to entry.o(.ARM.Collect$$$$00000000) for __main
    mpu6050.o(i.Kalman_getAngle) refers to dadd.o(.text) for __aeabi_dsub
    mpu6050.o(i.Kalman_getAngle) refers to dmul.o(.text) for __aeabi_dmul
    mpu6050.o(i.Kalman_getAngle) refers to ddiv.o(.text) for __aeabi_ddiv
    mpu6050.o(i.MPU6050_Init) refers to stm32g4xx_hal_i2c.o(i.HAL_I2C_Mem_Read) for HAL_I2C_Mem_Read
    mpu6050.o(i.MPU6050_Init) refers to stm32g4xx_hal_i2c.o(i.HAL_I2C_Mem_Write) for HAL_I2C_Mem_Write
    mpu6050.o(i.MPU6050_Read_Accel) refers to stm32g4xx_hal_i2c.o(i.HAL_I2C_Mem_Read) for HAL_I2C_Mem_Read
    mpu6050.o(i.MPU6050_Read_Accel) refers to dflti.o(.text) for __aeabi_i2d
    mpu6050.o(i.MPU6050_Read_Accel) refers to dmul.o(.text) for __aeabi_dmul
    mpu6050.o(i.MPU6050_Read_Accel) refers to ddiv.o(.text) for __aeabi_ddiv
    mpu6050.o(i.MPU6050_Read_All) refers to stm32g4xx_hal_i2c.o(i.HAL_I2C_Mem_Read) for HAL_I2C_Mem_Read
    mpu6050.o(i.MPU6050_Read_All) refers to dflti.o(.text) for __aeabi_i2d
    mpu6050.o(i.MPU6050_Read_All) refers to dmul.o(.text) for __aeabi_dmul
    mpu6050.o(i.MPU6050_Read_All) refers to ddiv.o(.text) for __aeabi_ddiv
    mpu6050.o(i.MPU6050_Read_All) refers to stm32g4xx_hal.o(i.HAL_GetTick) for HAL_GetTick
    mpu6050.o(i.MPU6050_Read_All) refers to dfltui.o(.text) for __aeabi_ui2d
    mpu6050.o(i.MPU6050_Read_All) refers to sqrt.o(i.__hardfp_sqrt) for __hardfp_sqrt
    mpu6050.o(i.MPU6050_Read_All) refers to cdcmple.o(.text) for __aeabi_cdcmpeq
    mpu6050.o(i.MPU6050_Read_All) refers to atan.o(i.__hardfp_atan) for __hardfp_atan
    mpu6050.o(i.MPU6050_Read_All) refers to atan2.o(i.__hardfp_atan2) for __hardfp_atan2
    mpu6050.o(i.MPU6050_Read_All) refers to cdrcmple.o(.text) for __aeabi_cdrcmple
    mpu6050.o(i.MPU6050_Read_All) refers to mpu6050.o(i.Kalman_getAngle) for Kalman_getAngle
    mpu6050.o(i.MPU6050_Read_All) refers to fabs.o(i.__hardfp_fabs) for __hardfp_fabs
    mpu6050.o(i.MPU6050_Read_All) refers to mpu6050.o(.data) for .data
    mpu6050.o(i.MPU6050_Read_Gyro) refers to stm32g4xx_hal_i2c.o(i.HAL_I2C_Mem_Read) for HAL_I2C_Mem_Read
    mpu6050.o(i.MPU6050_Read_Gyro) refers to dflti.o(.text) for __aeabi_i2d
    mpu6050.o(i.MPU6050_Read_Gyro) refers to ddiv.o(.text) for __aeabi_ddiv
    mpu6050.o(i.MPU6050_Read_Temp) refers to stm32g4xx_hal_i2c.o(i.HAL_I2C_Mem_Read) for HAL_I2C_Mem_Read
    hr04.o(i.Hcsr04Init) refers to stm32g4xx_hal_tim.o(i.HAL_TIM_Base_Start_IT) for HAL_TIM_Base_Start_IT
    hr04.o(i.Hcsr04Init) refers to stm32g4xx_hal_tim.o(i.HAL_TIM_IC_Start_IT) for HAL_TIM_IC_Start_IT
    hr04.o(i.Hcsr04Init) refers to hr04.o(.bss) for .bss
    hr04.o(i.Hcsr04Read) refers to hr04.o(.bss) for .bss
    hr04.o(i.Hcsr04ReadFiltered) refers to hr04.o(i.Hcsr04Start) for Hcsr04Start
    hr04.o(i.Hcsr04ReadFiltered) refers to stm32g4xx_hal.o(i.HAL_Delay) for HAL_Delay
    hr04.o(i.Hcsr04ReadFiltered) refers to hr04.o(i.Hcsr04Read) for Hcsr04Read
    hr04.o(i.Hcsr04Start) refers to stm32g4xx_hal_gpio.o(i.HAL_GPIO_WritePin) for HAL_GPIO_WritePin
    hr04.o(i.Hcsr04Start) refers to stm32g4xx_hal.o(i.HAL_Delay) for HAL_Delay
    hr04.o(i.Hcsr04TimIcIsr) refers to stm32g4xx_hal_tim.o(i.HAL_TIM_ReadCapturedValue) for HAL_TIM_ReadCapturedValue
    hr04.o(i.Hcsr04TimIcIsr) refers to dfltui.o(.text) for __aeabi_ui2d
    hr04.o(i.Hcsr04TimIcIsr) refers to ddiv.o(.text) for __aeabi_ddiv
    hr04.o(i.Hcsr04TimIcIsr) refers to d2f.o(.text) for __aeabi_d2f
    hr04.o(i.Hcsr04TimIcIsr) refers to hr04.o(.bss) for .bss
[...]
    _printf_ll                               0x00000000   Number         0  stubs.o ABSOLUTE
    _printf_lld                              0x00000000   Number         0  stubs.o ABSOLUTE
    _printf_lli                              0x00000000   Number         0  stubs.o ABSOLUTE
    _printf_llo                              0x00000000   Number         0  stubs.o ABSOLUTE
    _printf_llu                              0x00000000   Number         0  stubs.o ABSOLUTE
    _printf_llx                              0x00000000   Number         0  stubs.o ABSOLUTE
    _printf_longlong_dec                     0x00000000   Number         0  stubs.o ABSOLUTE
    _printf_longlong_hex                     0x00000000   Number         0  stubs.o ABSOLUTE
    _printf_longlong_oct                     0x00000000   Number         0  stubs.o ABSOLUTE
    _printf_ls                               0x00000000   Number         0  stubs.o ABSOLUTE
    _printf_mbtowc                           0x00000000   Number         0  stubs.o ABSOLUTE
    _printf_n                                0x00000000   Number         0  stubs.o ABSOLUTE
    _printf_o                                0x00000000   Number         0  stubs.o ABSOLUTE
    _printf_p                                0x00000000   Number         0  stubs.o ABSOLUTE
    _printf_percent                          0x00000000   Number         0  stubs.o ABSOLUTE
    _printf_pre_padding                      0x00000000   Number         0  stubs.o ABSOLUTE
    _printf_return_value                     0x00000000   Number         0  stubs.o ABSOLUTE
    _printf_s                                0x00000000   Number         0  stubs.o ABSOLUTE
    _printf_sizespec                         0x00000000   Number         0  stubs.o ABSOLUTE
    _printf_str                              0x00000000   Number         0  stubs.o ABSOLUTE
    _printf_truncate_signed                  0x00000000   Number         0  stubs.o ABSOLUTE
    _printf_truncate_unsigned                0x00000000   Number         0  stubs.o ABSOLUTE
    _printf_u                                0x00000000   Number         0  stubs.o ABSOLUTE
    _printf_wc                               0x00000000   Number         0  stubs.o ABSOLUTE
    _printf_wctomb                           0x00000000   Number         0  stubs.o ABSOLUTE
    _printf_widthprec                        0x00000000   Number         0  stubs.o ABSOLUTE
    _printf_x                                0x00000000   Number         0  stubs.o ABSOLUTE
    __arm_fini_                               - Undefined Weak Reference
    __cpp_initialize__aeabi_                  - Undefined Weak Reference
    __cxa_finalize                            - Undefined Weak Reference
    _clock_init                               - Undefined Weak Reference
    _microlib_exit                            - Undefined Weak Reference
    __Vectors_Size                           0x000001d8   Number         0  startup_stm32g431xx.o ABSOLUTE
    __Vectors                                0x08000000   Data           4  startup_stm32g431xx.o(RESET)
    __Vectors_End                            0x080001d8   Data           0  startup_stm32g431xx.o(RESET)
    __main                                   0x080001d9   Thumb Code     0  entry.o(.ARM.Collect$$$$00000000)
    _main_stk                                0x080001d9   Thumb Code     0  entry2.o(.ARM.Collect$$$$00000001)
    _main_scatterload                        0x080001dd   Thumb Code     0  entry5.o(.ARM.Collect$$$$00000004)
    __main_after_scatterload                 0x080001e1   Thumb Code     0  entry5.o(.ARM.Collect$$$$00000004)
    _main_clock                              0x080001e1   Thumb Code     0  entry7b.o(.ARM.Collect$$$$00000008)
    _main_cpp_init                           0x080001e1   Thumb Code     0  entry8b.o(.ARM.Collect$$$$0000000A)
    _main_init                               0x080001e1   Thumb Code     0  entry9a.o(.ARM.Collect$$$$0000000B)
    __rt_lib_shutdown_fini                   0x080001e9   Thumb Code     0  entry12b.o(.ARM.Collect$$$$0000000E)
    __rt_final_cpp                           0x080001ed   Thumb Code     0  entry10a.o(.ARM.Collect$$$$0000000F)
    __rt_final_exit                          0x080001ed   Thumb Code     0  entry11a.o(.ARM.Collect$$$$00000011)
    SVC_Handler                              0x080001f1   Thumb Code    28  port.o(.emb_text)
    __asm___6_port_c_39a90d8d__prvStartFirstTask 0x08000211   Thumb Code    36  port.o(.emb_text)
    __asm___6_port_c_39a90d8d__prvEnableVFP  0x08000239   Thumb Code    16  port.o(.emb_text)
    PendSV_Handler                           0x0800024d   Thumb Code    88  port.o(.emb_text)
    vPortGetIPSR                             0x080002a9   Thumb Code     6  port.o(.emb_text)
    Reset_Handler                            0x080002b1   Thumb Code     8  startup_stm32g431xx.o(.text)
    ADC1_2_IRQHandler                        0x080002cb   Thumb Code     0  startup_stm32g431xx.o(.text)
    COMP1_2_3_IRQHandler                     0x080002cb   Thumb Code     0  startup_stm32g431xx.o(.text)
    COMP4_IRQHandler                         0x080002cb   Thumb Code     0  startup_stm32g431xx.o(.text)
    CORDIC_IRQHandler                        0x080002cb   Thumb Code     0  startup_stm32g431xx.o(.text)
    CRS_IRQHandler                           0x080002cb   Thumb Code     0  startup_stm32g431xx.o(.text)
    DMA1_Channel1_IRQHandler                 0x080002cb   Thumb Code     0  startup_stm32g431xx.o(.text)
    DMA1_Channel2_IRQHandler                 0x080002cb   Thumb Code     0  startup_stm32g431xx.o(.text)
    DMA1_Channel3_IRQHandler                 0x080002cb   Thumb Code     0  startup_stm32g431xx.o(.text)
    DMA1_Channel4_IRQHandler                 0x080002cb   Thumb Code     0  startup_stm32g431xx.o(.text)
    DMA1_Channel5_IRQHandler                 0x080002cb   Thumb Code     0  startup_stm32g431xx.o(.text)
    DMA1_Channel6_IRQHandler                 0x080002cb   Thumb Code     0  startup_stm32g431xx.o(.text)
    DMA2_Channel1_IRQHandler                 0x080002cb   Thumb Code     0  startup_stm32g431xx.o(.text)
    DMA2_Channel2_IRQHandler                 0x080002cb   Thumb Code     0  startup_stm32g431xx.o(.text)
    DMA2_Channel3_IRQHandler                 0x080002cb   Thumb Code     0  startup_stm32g431xx.o(.text)
    DMA2_Channel4_IRQHandler                 0x080002cb   Thumb Code     0  startup_stm32g431xx.o(.text)
    DMA2_Channel5_IRQHandler                 0x080002cb   Thumb Code     0  startup_stm32g431xx.o(.text)
    DMA2_Channel6_IRQHandler                 0x080002cb   Thumb Code     0  startup_stm32g431xx.o(.text)
    DMAMUX_OVR_IRQHandler                    0x080002cb   Thumb Code     0  startup_stm32g431xx.o(.text)
    EXTI0_IRQHandler                         0x080002cb   Thumb Code     0  startup_stm32g431xx.o(.text)
    EXTI15_10_IRQHandler                     0x080002cb   Thumb Code     0  startup_stm32g431xx.o(.text)
    EXTI1_IRQHandler                         0x080002cb   Thumb Code     0  startup_stm32g431xx.o(.text)
    EXTI2_IRQHandler                         0x080002cb   Thumb Code     0  startup_stm32g431xx.o(.text)
    EXTI3_IRQHandler                         0x080002cb   Thumb Code     0  startup_stm32g431xx.o(.text)
    EXTI4_IRQHandler                         0x080002cb   Thumb Code     0  startup_stm32g431xx.o(.text)
    EXTI9_5_IRQHandler                       0x080002cb   Thumb Code     0  startup_stm32g431xx.o(.text)
    FDCAN1_IT0_IRQHandler                    0x080002cb   Thumb Code     0  startup_stm32g431xx.o(.text)
    FDCAN1_IT1_IRQHandler                    0x080002cb   Thumb Code     0  startup_stm32g431xx.o(.text)
    FLASH_IRQHandler                         0x080002cb   Thumb Code     0  startup_stm32g431xx.o(.text)
    FMAC_IRQHandler                          0x080002cb   Thumb Code     0  startup_stm32g431xx.o(.text)
    FPU_IRQHandler                           0x080002cb   Thumb Code     0  startup_stm32g431xx.o(.text)
    I2C1_ER_IRQHandler                       0x080002cb   Thumb Code     0  startup_stm32g431xx.o(.text)
    I2C1_EV_IRQHandler                       0x080002cb   Thumb Code     0  startup_stm32g431xx.o(.text)
    I2C2_ER_IRQHandler                       0x080002cb   Thumb Code     0  startup_stm32g431xx.o(.text)
    I2C2_EV_IRQHandler                       0x080002cb   Thumb Code     0  startup_stm32g431xx.o(.text)
    I2C3_ER_IRQHandler                       0x080002cb   Thumb Code     0  startup_stm32g431xx.o(.text)
    I2C3_EV_IRQHandler                       0x080002cb   Thumb Code     0  startup_stm32g431xx.o(.text)
    LPTIM1_IRQHandler                        0x080002cb   Thumb Code     0  startup_stm32g431xx.o(.text)
    LPUART1_IRQHandler                       0x080002cb   Thumb Code     0  startup_stm32g431xx.o(.text)
    PVD_PVM_IRQHandler                       0x080002cb   Thumb Code     0  startup_stm32g431xx.o(.text)
    RCC_IRQHandler                           0x080002cb   Thumb Code     0  startup_stm32g431xx.o(.text)
    RNG_IRQHandler                           0x080002cb   Thumb Code     0  startup_stm32g431xx.o(.text)
    RTC_Alarm_IRQHandler                     0x080002cb   Thumb Code     0  startup_stm32g431xx.o(.text)
    RTC_TAMP_LSECSS_IRQHandler               0x080002cb   Thumb Code     0  startup_stm32g431xx.o(.text)
    RTC_WKUP_IRQHandler                      0x080002cb   Thumb Code     0  startup_stm32g431xx.o(.text)
    SAI1_IRQHandler                          0x080002cb   Thumb Code     0  startup_stm32g431xx.o(.text)
    SPI1_IRQHandler                          0x080002cb   Thumb Code     0  startup_stm32g431xx.o(.text)
    SPI2_IRQHandler                          0x080002cb   Thumb Code     0  startup_stm32g431xx.o(.text)
    SPI3_IRQHandler                          0x080002cb   Thumb Code     0  startup_stm32g431xx.o(.text)
    TIM1_BRK_TIM15_IRQHandler                0x080002cb   Thumb Code     0  startup_stm32g431xx.o(.text)
    TIM1_CC_IRQHandler                       0x080002cb   Thumb Code     0  startup_stm32g431xx.o(.text)
    TIM1_TRG_COM_TIM17_IRQHandler            0x080002cb   Thumb Code     0  startup_stm32g431xx.o(.text)
    TIM1_UP_TIM16_IRQHandler                 0x080002cb   Thumb Code     0  startup_stm32g431xx.o(.text)
    TIM3_IRQHandler                          0x080002cb   Thumb Code     0  startup_stm32g431xx.o(.text)
    TIM4_IRQHandler                          0x080002cb   Thumb Code     0  startup_stm32g431xx.o(.text)
    TIM6_DAC_IRQHandler                      0x080002cb   Thumb Code     0  startup_stm32g431xx.o(.text)
    TIM7_IRQHandler                          0x080002cb   Thumb Code     0  startup_stm32g431xx.o(.text)
    TIM8_BRK_IRQHandler                      0x080002cb   Thumb Code     0  startup_stm32g431xx.o(.text)
    TIM8_CC_IRQHandler                       0x080002cb   Thumb Code     0  startup_stm32g431xx.o(.text)
    TIM8_TRG_COM_IRQHandler                  0x080002cb   Thumb Code     0  startup_stm32g431xx.o(.text)
    TIM8_UP_IRQHandler                       0x080002cb   Thumb Code     0  startup_stm32g431xx.o(.text)
    UART4_IRQHandler                         0x080002cb   Thumb Code     0  startup_stm32g431xx.o(.text)
    UCPD1_IRQHandler                         0x080002cb   Thumb Code     0  startup_stm32g431xx.o(.text)
    USART1_IRQHandler                        0x080002cb   Thumb Code     0  startup_stm32g431xx.o(.text)
    USART3_IRQHandler                        0x080002cb   Thumb Code     0  startup_stm32g431xx.o(.text)
    USBWakeUp_IRQHandler                     0x080002cb   Thumb Code     0  startup_stm32g431xx.o(.text)
    USB_HP_IRQHandler                        0x080002cb   Thumb Code     0  startup_stm32g431xx.o(.text)
    USB_LP_IRQHandler                        0x080002cb   Thumb Code     0  startup_stm32g431xx.o(.text)
    WWDG_IRQHandler                          0x080002cb   Thumb Code     0  startup_stm32g431xx.o(.text)
    __aeabi_uldivmod                         0x080002d5   Thumb Code    98  uldiv.o(.text)
    __aeabi_memcpy                           0x08000337   Thumb Code    36  memcpya.o(.text)
    __aeabi_memcpy4                          0x08000337   Thumb Code     0  memcpya.o(.text)
    __aeabi_memcpy8                          0x08000337   Thumb Code     0  memcpya.o(.text)
    __aeabi_memset                           0x0800035b   Thumb Code    14  memseta.o(.text)
    __aeabi_memset4                          0x0800035b   Thumb Code     0  memseta.o(.text)
    __aeabi_memset8                          0x0800035b   Thumb Code     0  memseta.o(.text)
    __aeabi_memclr                           0x08000369   Thumb Code     4  memseta.o(.text)
    __aeabi_memclr4                          0x08000369   Thumb Code     0  memseta.o(.text)
    __aeabi_memclr8                          0x08000369   Thumb Code     0  memseta.o(.text)
    memset                                   0x0800036d   Thumb Code    18  memseta.o(.text)
    strchr                                   0x0800037f   Thumb Code    20  strchr.o(.text)
    strlen                                   0x08000393   Thumb Code    14  strlen.o(.text)
    strncmp                                  0x080003a1   Thumb Code    30  strncmp.o(.text)
    __aeabi_dadd                             0x080003bf   Thumb Code   322  dadd.o(.text)
    __aeabi_dsub                             0x08000501   Thumb Code     6  dadd.o(.text)
    __aeabi_drsub                            0x08000507   Thumb Code     6  dadd.o(.text)
    __aeabi_dmul                             0x0800050d   Thumb Code   228  dmul.o(.text)
    __aeabi_ddiv                             0x080005f1   Thumb Code   222  ddiv.o(.text)
    __aeabi_i2d                              0x080006cf   Thumb Code    34  dflti.o(.text)
    __aeabi_ui2d                             0x080006f1   Thumb Code    26  dfltui.o(.text)
    __aeabi_d2iz                             0x0800070b   Thumb Code    62  dfixi.o(.text)
    __aeabi_f2d                              0x08000749   Thumb Code    38  f2d.o(.text)
    __aeabi_cdcmpeq                          0x08000771   Thumb Code     0  cdcmple.o(.text)
    __aeabi_cdcmple                          0x08000771   Thumb Code    48  cdcmple.o(.text)
    __aeabi_cdrcmple                         0x080007a1   Thumb Code    48  cdrcmple.o(.text)
    __aeabi_d2f                              0x080007d1   Thumb Code    56  d2f.o(.text)
    __aeabi_uidiv                            0x08000809   Thumb Code     0  uidiv.o(.text)
    __aeabi_uidivmod                         0x08000809   Thumb Code    44  uidiv.o(.text)
    __aeabi_llsl                             0x08000835   Thumb Code    30  llshl.o(.text)
    _ll_shift_l                              0x08000835   Thumb Code     0  llshl.o(.text)
    __aeabi_llsr                             0x08000853   Thumb Code    32  llushr.o(.text)
    _ll_ushift_r                             0x08000853   Thumb Code     0  llushr.o(.text)
    __aeabi_lasr                             0x08000873   Thumb Code    36  llsshr.o(.text)
    _ll_sshift_r                             0x08000873   Thumb Code     0  llsshr.o(.text)
    __strtod_int                             0x080008cf   Thumb Code    90  strtod.o(.text)
    __I$use$fp                               0x08000935   Thumb Code     0  iusefp.o(.text)
    _float_round                             0x08000935   Thumb Code    18  fepilogue.o(.text)
    _float_epilogue                          0x08000947   Thumb Code    92  fepilogue.o(.text)
    _double_round                            0x080009a3   Thumb Code    30  depilogue.o(.text)
    _double_epilogue                         0x080009c1   Thumb Code   156  depilogue.o(.text)
    _dsqrt                                   0x08000a5d   Thumb Code   162  dsqrt.o(.text)
    __aeabi_d2ulz                            0x08000aff   Thumb Code    48  dfixul.o(.text)
    __scatterload                            0x08000b31   Thumb Code    28  init.o(.text)
    __scatterload_rt2                        0x08000b31   Thumb Code     0  init.o(.text)
    isspace                                  0x08000b55   Thumb Code    10  isspace_c.o(.text)
    _scanf_real                              0x08000c89   Thumb Code     0  scanf_fp.o(.text)
    _scanf_really_real                       0x08000c89   Thumb Code   556  scanf_fp.o(.text)
    _sgetc                                   0x08000ec1   Thumb Code    30  _sgetc.o(.text)
    _sbackspace                              0x08000edf   Thumb Code    34  _sgetc.o(.text)
    __ctype_lookup                           0x08000f01   Thumb Code    34  ctype_c.o(.text)
    __aeabi_ul2d                             0x08000f29   Thumb Code    24  dfltul.o(.text)
    __decompress                             0x08000f41   Thumb Code     0  __dczerorl2.o(.text)
    __decompress1                            0x08000f41   Thumb Code    86  __dczerorl2.o(.text)
    A7670_SendCmd                            0x08000f99   Thumb Code    34  app_freertos.o(i.A7670_SendCmd)
    A7670_SendSMS                            0x08000fc1   Thumb Code    98  app_freertos.o(i.A7670_SendSMS)
    ADC_ConversionStop                       0x08001089   Thumb Code   220  stm32g4xx_hal_adc.o(i.ADC_ConversionStop)
    ADC_Disable                              0x0800116d   Thumb Code   106  stm32g4xx_hal_adc.o(i.ADC_Disable)
    ADC_Enable                               0x080011dd   Thumb Code   154  stm32g4xx_hal_adc.o(i.ADC_Enable)
    BusFault_Handler                         0x08001289   Thumb Code     2  stm32g4xx_it.o(i.BusFault_Handler)
    DebugMon_Handler                         0x0800128b   Thumb Code     2  stm32g4xx_it.o(i.DebugMon_Handler)
    Error_Handler                            0x0800128d   Thumb Code     4  main.o(i.Error_Handler)
    HAL_ADCEx_MultiModeConfigChannel         0x08001291   Thumb Code   208  stm32g4xx_hal_adc_ex.o(i.HAL_ADCEx_MultiModeConfigChannel)
    HAL_ADC_ConfigChannel                    0x08001369   Thumb Code  1006  stm32g4xx_hal_adc.o(i.HAL_ADC_ConfigChannel)
    HAL_ADC_GetValue                         0x0800178d   Thumb Code     6  stm32g4xx_hal_adc.o(i.HAL_ADC_GetValue)
    HAL_ADC_Init                             0x08001795   Thumb Code   466  stm32g4xx_hal_adc.o(i.HAL_ADC_Init)
    HAL_ADC_MspInit                          0x08001989   Thumb Code   112  adc.o(i.HAL_ADC_MspInit)
    HAL_ADC_PollForConversion                0x080019fd   Thumb Code   242  stm32g4xx_hal_adc.o(i.HAL_ADC_PollForConversion)
    HAL_ADC_Start                            0x08001af9   Thumb Code   230  stm32g4xx_hal_adc.o(i.HAL_ADC_Start)
    HAL_ADC_Stop                             0x08001bed   Thumb Code    62  stm32g4xx_hal_adc.o(i.HAL_ADC_Stop)
    HAL_DMA_Abort                            0x08001c2b   Thumb Code   112  stm32g4xx_hal_dma.o(i.HAL_DMA_Abort)
    HAL_DMA_Abort_IT                         0x08001c9b   Thumb Code   120  stm32g4xx_hal_dma.o(i.HAL_DMA_Abort_IT)
    HAL_Delay                                0x08001d15   Thumb Code    32  stm32g4xx_hal.o(i.HAL_Delay)
    HAL_GPIO_Init                            0x08001d39   Thumb Code   532  stm32g4xx_hal_gpio.o(i.HAL_GPIO_Init)
    HAL_GPIO_WritePin                        0x08001f6d   Thumb Code    10  stm32g4xx_hal_gpio.o(i.HAL_GPIO_WritePin)
    HAL_GetTick                              0x08001f79   Thumb Code     6  stm32g4xx_hal.o(i.HAL_GetTick)
    HAL_I2CEx_ConfigAnalogFilter             0x08001f85   Thumb Code    86  stm32g4xx_hal_i2c_ex.o(i.HAL_I2CEx_ConfigAnalogFilter)
    HAL_I2CEx_ConfigDigitalFilter            0x08001fdb   Thumb Code    82  stm32g4xx_hal_i2c_ex.o(i.HAL_I2CEx_ConfigDigitalFilter)
    HAL_I2C_Init                             0x0800202d   Thumb Code   184  stm32g4xx_hal_i2c.o(i.HAL_I2C_Init)
    HAL_I2C_Mem_Read                         0x080020e9   Thumb Code   346  stm32g4xx_hal_i2c.o(i.HAL_I2C_Mem_Read)
    HAL_I2C_Mem_Write                        0x0800224d   Thumb Code   340  stm32g4xx_hal_i2c.o(i.HAL_I2C_Mem_Write)
    HAL_I2C_MspInit                          0x080023a5   Thumb Code   240  i2c.o(i.HAL_I2C_MspInit)
    HAL_IncTick                              0x080024a5   Thumb Code    12  stm32g4xx_hal.o(i.HAL_IncTick)
    HAL_Init                                 0x080024b5   Thumb Code    30  stm32g4xx_hal.o(i.HAL_Init)
    HAL_InitTick                             0x080024d5   Thumb Code    58  stm32g4xx_hal.o(i.HAL_InitTick)
    HAL_MspInit                              0x08002519   Thumb Code    54  stm32g4xx_hal_msp.o(i.HAL_MspInit)
    HAL_NVIC_EnableIRQ                       0x08002555   Thumb Code    26  stm32g4xx_hal_cortex.o(i.HAL_NVIC_EnableIRQ)
    HAL_NVIC_SetPriority                     0x08002571   Thumb Code    60  stm32g4xx_hal_cortex.o(i.HAL_NVIC_SetPriority)
    HAL_NVIC_SetPriorityGrouping             0x080025b1   Thumb Code    26  stm32g4xx_hal_cortex.o(i.HAL_NVIC_SetPriorityGrouping)
    HAL_PWREx_ControlVoltageScaling          0x080025d5   Thumb Code   174  stm32g4xx_hal_pwr_ex.o(i.HAL_PWREx_ControlVoltageScaling)
    HAL_PWREx_DisableUCPDDeadBattery         0x08002691   Thumb Code    12  stm32g4xx_hal_pwr_ex.o(i.HAL_PWREx_DisableUCPDDeadBattery)
    HAL_RCCEx_PeriphCLKConfig                0x080026a1   Thumb Code   638  stm32g4xx_hal_rcc_ex.o(i.HAL_RCCEx_PeriphCLKConfig)
    HAL_RCC_ClockConfig                      0x08002929   Thumb Code   444  stm32g4xx_hal_rcc.o(i.HAL_RCC_ClockConfig)
    HAL_RCC_GetPCLK1Freq                     0x08002b05   Thumb Code    24  stm32g4xx_hal_rcc.o(i.HAL_RCC_GetPCLK1Freq)
    HAL_RCC_GetPCLK2Freq                     0x08002b29   Thumb Code    24  stm32g4xx_hal_rcc.o(i.HAL_RCC_GetPCLK2Freq)
    HAL_RCC_GetSysClockFreq                  0x08002b4d   Thumb Code    98  stm32g4xx_hal_rcc.o(i.HAL_RCC_GetSysClockFreq)
    HAL_RCC_OscConfig                        0x08002bb9   Thumb Code  1028  stm32g4xx_hal_rcc.o(i.HAL_RCC_OscConfig)
    HAL_SYSTICK_Config                       0x08002fbd   Thumb Code    40  stm32g4xx_hal_cortex.o(i.HAL_SYSTICK_Config)
    HAL_TIMEx_Break2Callback                 0x08002fe5   Thumb Code     2  stm32g4xx_hal_tim_ex.o(i.HAL_TIMEx_Break2Callback)
    HAL_TIMEx_BreakCallback                  0x08002fe7   Thumb Code     2  stm32g4xx_hal_tim_ex.o(i.HAL_TIMEx_BreakCallback)
    HAL_TIMEx_CommutCallback                 0x08002fe9   Thumb Code     2  stm32g4xx_hal_tim_ex.o(i.HAL_TIMEx_CommutCallback)
    HAL_TIMEx_DirectionChangeCallback        0x08002feb   Thumb Code     2  stm32g4xx_hal_tim_ex.o(i.HAL_TIMEx_DirectionChangeCallback)
    HAL_TIMEx_EncoderIndexCallback           0x08002fed   Thumb Code     2  stm32g4xx_hal_tim_ex.o(i.HAL_TIMEx_EncoderIndexCallback)
    HAL_TIMEx_IndexErrorCallback             0x08002fef   Thumb Code     2  stm32g4xx_hal_tim_ex.o(i.HAL_TIMEx_IndexErrorCallback)
    HAL_TIMEx_MasterConfigSynchronization    0x08002ff1   Thumb Code   132  stm32g4xx_hal_tim_ex.o(i.HAL_TIMEx_MasterConfigSynchronization)
    HAL_TIMEx_TransitionErrorCallback        0x0800308d   Thumb Code     2  stm32g4xx_hal_tim_ex.o(i.HAL_TIMEx_TransitionErrorCallback)
    HAL_TIM_Base_Start_IT                    0x08003091   Thumb Code    94  stm32g4xx_hal_tim.o(i.HAL_TIM_Base_Start_IT)
    HAL_TIM_IC_CaptureCallback               0x08003109   Thumb Code    14  app_freertos.o(i.HAL_TIM_IC_CaptureCallback)
    HAL_TIM_IC_ConfigChannel                 0x08003119   Thumb Code   332  stm32g4xx_hal_tim.o(i.HAL_TIM_IC_ConfigChannel)
    HAL_TIM_IC_Init                          0x0800326d   Thumb Code    98  stm32g4xx_hal_tim.o(i.HAL_TIM_IC_Init)
    HAL_TIM_IC_MspInit                       0x080032d1   Thumb Code   104  tim.o(i.HAL_TIM_IC_MspInit)
    HAL_TIM_IC_Start_IT                      0x0800333d   Thumb Code   274  stm32g4xx_hal_tim.o(i.HAL_TIM_IC_Start_IT)
    HAL_TIM_IRQHandler                       0x08003469   Thumb Code   418  stm32g4xx_hal_tim.o(i.HAL_TIM_IRQHandler)
    HAL_TIM_OC_DelayElapsedCallback          0x0800360b   Thumb Code     2  stm32g4xx_hal_tim.o(i.HAL_TIM_OC_DelayElapsedCallback)
    HAL_TIM_PWM_PulseFinishedCallback        0x0800360d   Thumb Code     2  stm32g4xx_hal_tim.o(i.HAL_TIM_PWM_PulseFinishedCallback)
    HAL_TIM_PeriodElapsedCallback            0x0800360f   Thumb Code    14  app_freertos.o(i.HAL_TIM_PeriodElapsedCallback)
    HAL_TIM_ReadCapturedValue                0x0800361d   Thumb Code    42  stm32g4xx_hal_tim.o(i.HAL_TIM_ReadCapturedValue)
    HAL_TIM_TriggerCallback                  0x08003647   Thumb Code     2  stm32g4xx_hal_tim.o(i.HAL_TIM_TriggerCallback)
    HAL_UARTEx_DisableFifoMode               0x08003649   Thumb Code    62  stm32g4xx_hal_uart_ex.o(i.HAL_UARTEx_DisableFifoMode)
    HAL_UARTEx_RxEventCallback               0x08003687   Thumb Code     2  stm32g4xx_hal_uart.o(i.HAL_UARTEx_RxEventCallback)
    HAL_UARTEx_RxFifoFullCallback            0x08003689   Thumb Code     2  stm32g4xx_hal_uart_ex.o(i.HAL_UARTEx_RxFifoFullCallback)
    HAL_UARTEx_SetRxFifoThreshold            0x0800368b   Thumb Code    76  stm32g4xx_hal_uart_ex.o(i.HAL_UARTEx_SetRxFifoThreshold)
    HAL_UARTEx_SetTxFifoThreshold            0x080036d7   Thumb Code    76  stm32g4xx_hal_uart_ex.o(i.HAL_UARTEx_SetTxFifoThreshold)
    HAL_UARTEx_TxFifoEmptyCallback           0x08003723   Thumb Code     2  stm32g4xx_hal_uart_ex.o(i.HAL_UARTEx_TxFifoEmptyCallback)
    HAL_UARTEx_WakeupCallback                0x08003725   Thumb Code     2  stm32g4xx_hal_uart_ex.o(i.HAL_UARTEx_WakeupCallback)
    HAL_UART_ErrorCallback                   0x08003727   Thumb Code     2  stm32g4xx_hal_uart.o(i.HAL_UART_ErrorCallback)
    HAL_UART_IRQHandler                      0x08003729   Thumb Code   782  stm32g4xx_hal_uart.o(i.HAL_UART_IRQHandler)
    HAL_UART_Init                            0x08003a45   Thumb Code   106  stm32g4xx_hal_uart.o(i.HAL_UART_Init)
    HAL_UART_MspInit                         0x08003ab1   Thumb Code   322  usart.o(i.HAL_UART_MspInit)
    HAL_UART_Receive_IT                      0x08003c0d   Thumb Code    66  stm32g4xx_hal_uart.o(i.HAL_UART_Receive_IT)
    HAL_UART_RxCpltCallback                  0x08003c55   Thumb Code    80  app_freertos.o(i.HAL_UART_RxCpltCallback)
    HAL_UART_Transmit                        0x08003cb5   Thumb Code   182  stm32g4xx_hal_uart.o(i.HAL_UART_Transmit)
    HAL_UART_TxCpltCallback                  0x08003d6b   Thumb Code     2  stm32g4xx_hal_uart.o(i.HAL_UART_TxCpltCallback)
    HardFault_Handler                        0x08003d6d   Thumb Code     2  stm32g4xx_it.o(i.HardFault_Handler)
    Hcsr04Init                               0x08003d71   Thumb Code    82  hr04.o(i.Hcsr04Init)
    Hcsr04Read                               0x08003dc9   Thumb Code    42  hr04.o(i.Hcsr04Read)
    Hcsr04ReadFiltered                       0x08003e05   Thumb Code   100  hr04.o(i.Hcsr04ReadFiltered)
    Hcsr04Start                              0x08003e69   Thumb Code    36  hr04.o(i.Hcsr04Start)
    Hcsr04TimIcIsr                           0x08003e8d   Thumb Code   256  hr04.o(i.Hcsr04TimIcIsr)
    Hcsr04TimOverflowIsr                     0x08003f99   Thumb Code    18  hr04.o(i.Hcsr04TimOverflowIsr)
    Kalman_getAngle                          0x08004303   Thumb Code   470  mpu6050.o(i.Kalman_getAngle)
    MPU6050_Calibrate                        0x0800453d   Thumb Code   608  app_freertos.o(i.MPU6050_Calibrate)
    MPU6050_Init                             0x080047e9   Thumb Code   146  mpu6050.o(i.MPU6050_Init)
    MPU6050_Read_All                         0x0800487d   Thumb Code   630  mpu6050.o(i.MPU6050_Read_All)
    MX_ADC1_Init                             0x08004b41   Thumb Code   136  adc.o(i.MX_ADC1_Init)
    MX_FREERTOS_Init                         0x08004bd1   Thumb Code   226  app_freertos.o(i.MX_FREERTOS_Init)
    MX_GPIO_Init                             0x08004cbd   Thumb Code   136  gpio.o(i.MX_GPIO_Init)
    MX_I2C1_Init                             0x08004d4d   Thumb Code    76  i2c.o(i.MX_I2C1_Init)
    MX_I2C2_Init                             0x08004da5   Thumb Code    76  i2c.o(i.MX_I2C2_Init)
    MX_TIM2_Init                             0x08004dfd   Thumb Code   104  tim.o(i.MX_TIM2_Init)
    MX_USART1_UART_Init                      0x08004e69   Thumb Code    94  usart.o(i.MX_USART1_UART_Init)
    MX_USART2_UART_Init                      0x08004ed1   Thumb Code    94  usart.o(i.MX_USART2_UART_Init)
    MX_USART3_UART_Init                      0x08004f39   Thumb Code    94  usart.o(i.MX_USART3_UART_Init)
    MemManage_Handler                        0x08004fa1   Thumb Code     2  stm32g4xx_it.o(i.MemManage_Handler)
    Mpu6050_Function                         0x08004fa5   Thumb Code   382  app_freertos.o(i.Mpu6050_Function)
    NMI_Handler                              0x080051a1   Thumb Code     2  stm32g4xx_it.o(i.NMI_Handler)
    OLED_Clear                               0x080051a3   Thumb Code    52  oled.o(i.OLED_Clear)
    OLED_Init                                0x080051d7   Thumb Code    16  oled.o(i.OLED_Init)
    OLED_Set_Pos                             0x080051e7   Thumb Code    34  oled.o(i.OLED_Set_Pos)
    OLED_ShowChar                            0x08005209   Thumb Code   126  oled.o(i.OLED_ShowChar)
    OLED_ShowString                          0x08005291   Thumb Code    54  oled.o(i.OLED_ShowString)
    OLED_WR_CMD                              0x080052c9   Thumb Code    32  oled.o(i.OLED_WR_CMD)
    OLED_WR_DATA                             0x080052ed   Thumb Code    32  oled.o(i.OLED_WR_DATA)
    StartBuzzerTask                          0x08005311   Thumb Code    68  app_freertos.o(i.StartBuzzerTask)
    StartDefaultTask                         0x0800535d   Thumb Code     8  app_freertos.o(i.StartDefaultTask)
    StartGpsTask                             0x08005365   Thumb Code    48  app_freertos.o(i.StartGpsTask)
    StartHcsr04Task                          0x080053c5   Thumb Code    32  app_freertos.o(i.StartHcsr04Task)
    StartLedTask                             0x080053fd   Thumb Code    74  app_freertos.o(i.StartLedTask)
    StartLightTask                           0x0800547d   Thumb Code    68  app_freertos.o(i.StartLightTask)
    StartMpuTask                             0x080054c9   Thumb Code    80  app_freertos.o(i.StartMpuTask)
    StartOledTask                            0x08005571   Thumb Code   184  app_freertos.o(i.StartOledTask)
    StartSmsTask                             0x08005671   Thumb Code   210  app_freertos.o(i.StartSmsTask)
    SysTick_Handler                          0x080057ed   Thumb Code    24  stm32g4xx_it.o(i.SysTick_Handler)
    SystemClock_Config                       0x08005805   Thumb Code   100  main.o(i.SystemClock_Config)
    SystemInit                               0x08005869   Thumb Code    12  system_stm32g4xx.o(i.SystemInit)
    TIM2_IRQHandler                          0x08005879   Thumb Code     6  stm32g4xx_it.o(i.TIM2_IRQHandler)
    TIM_Base_SetConfig                       0x08005885   Thumb Code   154  stm32g4xx_hal_tim.o(i.TIM_Base_SetConfig)
    TIM_CCxChannelCmd                        0x0800593d   Thumb Code    26  stm32g4xx_hal_tim.o(i.TIM_CCxChannelCmd)
    TIM_TI1_SetConfig                        0x08005959   Thumb Code   122  stm32g4xx_hal_tim.o(i.TIM_TI1_SetConfig)
    UART_AdvFeatureConfig                    0x08005a89   Thumb Code   200  stm32g4xx_hal_uart.o(i.UART_AdvFeatureConfig)
    UART_CheckIdleState                      0x08005b51   Thumb Code   172  stm32g4xx_hal_uart.o(i.UART_CheckIdleState)
    UART_SetConfig                           0x0800612d   Thumb Code   582  stm32g4xx_hal_uart.o(i.UART_SetConfig)
    UART_Start_Receive_IT                    0x080063a1   Thumb Code   256  stm32g4xx_hal_uart.o(i.UART_Start_Receive_IT)
    UART_WaitOnFlagUntilTimeout              0x080064b1   Thumb Code   148  stm32g4xx_hal_uart.o(i.UART_WaitOnFlagUntilTimeout)
    USART2_IRQHandler                        0x08006545   Thumb Code     6  stm32g4xx_it.o(i.USART2_IRQHandler)
    UsageFault_Handler                       0x08006551   Thumb Code     2  stm32g4xx_it.o(i.UsageFault_Handler)
    WriteCmd                                 0x08006555   Thumb Code    42  oled.o(i.WriteCmd)
    __0printf                                0x08006589   Thumb Code    22  printfa.o(i.__0printf)
    __1printf                                0x08006589   Thumb Code     0  printfa.o(i.__0printf)
    __2printf                                0x08006589   Thumb Code     0  printfa.o(i.__0printf)
    __c89printf                              0x08006589   Thumb Code     0  printfa.o(i.__0printf)
    printf                                   0x08006589   Thumb Code     0  printfa.o(i.__0printf)
    __0snprintf                              0x080065a9   Thumb Code    48  printfa.o(i.__0snprintf)
    __1snprintf                              0x080065a9   Thumb Code     0  printfa.o(i.__0snprintf)
    __2snprintf                              0x080065a9   Thumb Code     0  printfa.o(i.__0snprintf)
    __c89snprintf                            0x080065a9   Thumb Code     0  printfa.o(i.__0snprintf)
    snprintf                                 0x080065a9   Thumb Code     0  printfa.o(i.__0snprintf)
    __0sprintf                               0x080065dd   Thumb Code    34  printfa.o(i.__0sprintf)
    __1sprintf                               0x080065dd   Thumb Code     0  printfa.o(i.__0sprintf)
    __2sprintf                               0x080065dd   Thumb Code     0  printfa.o(i.__0sprintf)
    __c89sprintf                             0x080065dd   Thumb Code     0  printfa.o(i.__0sprintf)
    sprintf                                  0x080065dd   Thumb Code     0  printfa.o(i.__0sprintf)
    __ARM_fpclassify                         0x08006605   Thumb Code    48  fpclassify.o(i.__ARM_fpclassify)
    __ARM_fpclassifyf                        0x08006635   Thumb Code    38  fpclassifyf.o(i.__ARM_fpclassifyf)
    __hardfp_atan                            0x08006681   Thumb Code   622  atan.o(i.__hardfp_atan)
    __hardfp_atan2                           0x08006959   Thumb Code   448  atan2.o(i.__hardfp_atan2)
    __hardfp_atan2f                          0x08006b59   Thumb Code   594  atan2f.o(i.__hardfp_atan2f)
    __hardfp_atof                            0x08006e09   Thumb Code    44  atof.o(i.__hardfp_atof)
    __hardfp_fabs                            0x08006e41   Thumb Code    20  fabs.o(i.__hardfp_fabs)
    __hardfp_sqrt                            0x08006e55   Thumb Code   122  sqrt.o(i.__hardfp_sqrt)
    __hardfp_sqrtf                           0x08006ecf   Thumb Code    58  sqrtf.o(i.__hardfp_sqrtf)
    __kernel_poly                            0x08006f09   Thumb Code   248  poly.o(i.__kernel_poly)
    __mathlib_dbl_infnan                     0x08007001   Thumb Code    20  dunder.o(i.__mathlib_dbl_infnan)
    __mathlib_dbl_infnan2                    0x08007015   Thumb Code    20  dunder.o(i.__mathlib_dbl_infnan2)
    __mathlib_dbl_underflow                  0x08007029   Thumb Code    24  dunder.o(i.__mathlib_dbl_underflow)
    __mathlib_flt_infnan2                    0x08007049   Thumb Code     6  funder.o(i.__mathlib_flt_infnan2)
    __mathlib_flt_underflow                  0x08007051   Thumb Code    10  funder.o(i.__mathlib_flt_underflow)
    __read_errno                             0x08007061   Thumb Code     6  errno.o(i.__read_errno)
    __scatterload_copy                       0x0800706d   Thumb Code    14  handlers.o(i.__scatterload_copy)
    __scatterload_null                       0x0800707b   Thumb Code     2  handlers.o(i.__scatterload_null)
    __scatterload_zeroinit                   0x0800707d   Thumb Code    14  handlers.o(i.__scatterload_zeroinit)
    __set_errno                              0x0800708d   Thumb Code     6  errno.o(i.__set_errno)
    _is_digit                                0x0800721d   Thumb Code    14  scanf_fp.o(i._is_digit)
    atan                                     0x08007953   Thumb Code    16  atan.o(i.atan)
    fabs                                     0x08007963   Thumb Code    24  fabs.o(i.fabs)
    fputc                                    0x0800797d   Thumb Code    20  usart.o(i.fputc)
    main                                     0x080079a1   Thumb Code    58  main.o(i.main)
    osDelay                                  0x080079e7   Thumb Code    14  cmsis_os.o(i.osDelay)
    osKernelStart                            0x080079f5   Thumb Code    10  cmsis_os.o(i.osKernelStart)
    osKernelSysTick                          0x080079ff   Thumb Code    24  cmsis_os.o(i.osKernelSysTick)
    osSemaphoreCreate                        0x08007a17   Thumb Code    38  cmsis_os.o(i.osSemaphoreCreate)
    osSemaphoreRelease                       0x08007a3d   Thumb Code    74  cmsis_os.o(i.osSemaphoreRelease)
    osSemaphoreWait                          0x08007a8d   Thumb Code    96  cmsis_os.o(i.osSemaphoreWait)
    osThreadCreate                           0x08007af1   Thumb Code    46  cmsis_os.o(i.osThreadCreate)
    parseGpsBuffer                           0x08007b21   Thumb Code   298  gps.o(i.parseGpsBuffer)
    printGpsBuffer                           0x08007c61   Thumb Code   606  gps.o(i.printGpsBuffer)
    pvPortMalloc                             0x08008385   Thumb Code   216  heap_4.o(i.pvPortMalloc)
    pvTaskIncrementMutexHeldCount            0x08008461   Thumb Code    18  tasks.o(i.pvTaskIncrementMutexHeldCount)
    pxPortInitialiseStack                    0x08008479   Thumb Code    40  port.o(i.pxPortInitialiseStack)
    uxListRemove                             0x080084a5   Thumb Code    38  list.o(i.uxListRemove)
    vListInitialise                          0x080084cb   Thumb Code    22  list.o(i.vListInitialise)
    vListInitialiseItem                      0x080084e1   Thumb Code     6  list.o(i.vListInitialiseItem)
    vListInsert                              0x080084e7   Thumb Code    48  list.o(i.vListInsert)
    vListInsertEnd                           0x08008517   Thumb Code    24  list.o(i.vListInsertEnd)
    vPortEnterCritical                       0x08008531   Thumb Code    54  port.o(i.vPortEnterCritical)
    vPortExitCritical                        0x08008571   Thumb Code    34  port.o(i.vPortExitCritical)
    vPortFree                                0x08008599   Thumb Code    94  heap_4.o(i.vPortFree)
    vPortSetupTimerInterrupt                 0x080085fd   Thumb Code    32  port.o(i.vPortSetupTimerInterrupt)
    vPortValidateInterruptPriority           0x08008621   Thumb Code    74  port.o(i.vPortValidateInterruptPriority)
    vTaskDelay                               0x08008675   Thumb Code    66  tasks.o(i.vTaskDelay)
    vTaskInternalSetTimeOutState             0x080086c1   Thumb Code    12  tasks.o(i.vTaskInternalSetTimeOutState)
    vTaskMissedYield                         0x080086d1   Thumb Code     8  tasks.o(i.vTaskMissedYield)
    vTaskPlaceOnEventList                    0x080086dd   Thumb Code    44  tasks.o(i.vTaskPlaceOnEventList)
    vTaskPriorityDisinheritAfterTimeout      0x0800870d   Thumb Code   152  tasks.o(i.vTaskPriorityDisinheritAfterTimeout)
    vTaskStartScheduler                      0x080087ad   Thumb Code    86  tasks.o(i.vTaskStartScheduler)
    vTaskSuspend                             0x08008815   Thumb Code   174  tasks.o(i.vTaskSuspend)
    vTaskSuspendAll                          0x080088d1   Thumb Code    10  tasks.o(i.vTaskSuspendAll)
    vTaskSwitchContext                       0x080088e1   Thumb Code    82  tasks.o(i.vTaskSwitchContext)
    xPortStartScheduler                      0x0800893d   Thumb Code   222  port.o(i.xPortStartScheduler)
    xPortSysTickHandler                      0x08008a31   Thumb Code    38  port.o(i.xPortSysTickHandler)
    xQueueGenericCreate                      0x08008a5d   Thumb Code    66  queue.o(i.xQueueGenericCreate)
    xQueueGenericReset                       0x08008aa1   Thumb Code   132  queue.o(i.xQueueGenericReset)
    xQueueGenericSend                        0x08008b29   Thumb Code   346  queue.o(i.xQueueGenericSend)
    xQueueGiveFromISR                        0x08008c89   Thumb Code   156  queue.o(i.xQueueGiveFromISR)
    xQueueReceiveFromISR                     0x08008d25   Thumb Code   154  queue.o(i.xQueueReceiveFromISR)
    xQueueSemaphoreTake                      0x08008dc1   Thumb Code   372  queue.o(i.xQueueSemaphoreTake)
    xTaskCheckForTimeOut                     0x08008f39   Thumb Code   112  tasks.o(i.xTaskCheckForTimeOut)
    xTaskCreate                              0x08008fad   Thumb Code    86  tasks.o(i.xTaskCreate)
    xTaskGetSchedulerState                   0x08009005   Thumb Code    22  tasks.o(i.xTaskGetSchedulerState)
    xTaskGetTickCount                        0x08009021   Thumb Code     6  tasks.o(i.xTaskGetTickCount)
    xTaskGetTickCountFromISR                 0x0800902d   Thumb Code    12  tasks.o(i.xTaskGetTickCountFromISR)
    xTaskIncrementTick                       0x0800903d   Thumb Code   194  tasks.o(i.xTaskIncrementTick)
    xTaskPriorityDisinherit                  0x08009109   Thumb Code   144  tasks.o(i.xTaskPriorityDisinherit)
    xTaskPriorityInherit                     0x080091a1   Thumb Code   130  tasks.o(i.xTaskPriorityInherit)
    xTaskRemoveFromEventList                 0x0800922d   Thumb Code   108  tasks.o(i.xTaskRemoveFromEventList)
    xTaskResumeAll                           0x080092a1   Thumb Code   182  tasks.o(i.xTaskResumeAll)
    F6x8                                     0x08009364   Data         552  oled.o(.constdata)
    F8X16                                    0x0800958c   Data        1504  oled.o(.constdata)
    Hzk                                      0x08009b6c   Data         448  oled.o(.constdata)
    UARTPrescTable                           0x08009de0   Data          24  stm32g4xx_hal_uart.o(.constdata)
    AHBPrescTable                            0x08009e08   Data          16  system_stm32g4xx.o(.constdata)
    APBPrescTable                            0x08009e18   Data           8  system_stm32g4xx.o(.constdata)
    __mathlib_zero                           0x08009eb8   Data           8  qnan.o(.constdata)
    __ctype_categories                       0x08009ec0   Data          64  ctype_c.o(.constdata)
    Region$$Table$$Base                      0x0800a020   Number         0  anon$$obj.o(Region$$Table)
    Region$$Table$$Limit                     0x0800a040   Number         0  anon$$obj.o(Region$$Table)
    timer                                    0x20000000   Data           4  mpu6050.o(.data)
    KalmanX                                  0x20000008   Data          72  mpu6050.o(.data)
    KalmanY                                  0x20000050   Data          72  mpu6050.o(.data)
    CMD_Data                                 0x20000098   Data          27  oled.o(.data)
    light_percent                            0x200000b4   Data           1  app_freertos.o(.data)
    gps_valid                                0x200000b5   Data           1  app_freertos.o(.data)
    GPS_RX_BUF                               0x200000b7   Data           1  app_freertos.o(.data)
    GPS_RX_INDEX                             0x200000b8   Data           2  app_freertos.o(.data)
    adc_value                                0x200000bc   Data           4  app_freertos.o(.data)
    pitch                                    0x200000c0   Data           4  app_freertos.o(.data)
    roll                                     0x200000c4   Data           4  app_freertos.o(.data)
    pitch_off                                0x200000c8   Data           4  app_freertos.o(.data)
    roll_off                                 0x200000cc   Data           4  app_freertos.o(.data)
    pitch_real                               0x200000d0   Data           4  app_freertos.o(.data)
    roll_real                                0x200000d4   Data           4  app_freertos.o(.data)
    distance                                 0x200000dc   Data           4  app_freertos.o(.data)
    lightTaskHandle                          0x200000e0   Data           4  app_freertos.o(.data)
    oledTaskHandle                           0x200000e4   Data           4  app_freertos.o(.data)
    buzzerTaskHandle                         0x200000e8   Data           4  app_freertos.o(.data)
    mpuTaskHandle                            0x200000ec   Data           4  app_freertos.o(.data)
    gpsTaskHandle                            0x200000f0   Data           4  app_freertos.o(.data)
    hcsr04TaskHandle                         0x200000f4   Data           4  app_freertos.o(.data)
    ledTaskHandle                            0x200000f8   Data           4  app_freertos.o(.data)
    smsTriggerSemaphore                      0x200000fc   Data           4  app_freertos.o(.data)
    smsTaskHandle                            0x20000100   Data           4  app_freertos.o(.data)
    defaultTaskHandle                        0x20000104   Data           4  app_freertos.o(.data)
    gps_lat_str                              0x20000108   Data          16  app_freertos.o(.data)
    gps_lon_str                              0x20000118   Data          16  app_freertos.o(.data)
    uwTickPrio                               0x20000128   Data           4  stm32g4xx_hal.o(.data)
    uwTickFreq                               0x2000012c   Data           4  stm32g4xx_hal.o(.data)
    uwTick                                   0x20000130   Data           4  stm32g4xx_hal.o(.data)
    SystemCoreClock                          0x20000134   Data           4  system_stm32g4xx.o(.data)
    pxCurrentTCB                             0x20000138   Data           4  tasks.o(.data)
    __stdout                                 0x200001a0   Data           4  stdout.o(.data)
    Hcsr04Info                               0x200001a8   Data          40  hr04.o(.bss)
    oled_buf                                 0x200001d0   Data          20  app_freertos.o(.bss)
    MPU6050                                  0x200001e8   Data          88  app_freertos.o(.bss)
    hadc1                                    0x20000240   Data         108  adc.o(.bss)
    hi2c1                                    0x200002ac   Data          84  i2c.o(.bss)
    hi2c2                                    0x20000300   Data          84  i2c.o(.bss)
    htim2                                    0x20000354   Data          76  tim.o(.bss)
    huart1                                   0x200003a0   Data         148  usart.o(.bss)
    huart2                                   0x20000434   Data         148  usart.o(.bss)
    huart3                                   0x200004c8   Data         148  usart.o(.bss)
    Save_Data                                0x2000055c   Data         179  gps.o(.bss)
    __initial_sp                             0x20004700   Data           0  startup_stm32g431xx.o(STACK)



==============================================================================

Memory Map of the image

  Image Entry point : 0x080001d9

  Load Region LR_IROM1 (Base: 0x08000000, Size: 0x0000a1e8, Max: 0x00020000, ABSOLUTE, COMPRESSED[0x0000a08c])

    Execution Region ER_IROM1 (Exec base: 0x08000000, Load base: 0x08000000, Size: 0x0000a040, Max: 0x00020000, ABSOLUTE)

    Exec Addr    Load Addr    Size         Type   Attr      Idx    E Section Name        Object

    0x08000000   0x08000000   0x000001d8   Data   RO            3    RESET               startup_stm32g431xx.o
    0x080001d8   0x080001d8   0x00000000   Code   RO         6516  * .ARM.Collect$$$$00000000  mc_w.l(entry.o)
    0x080001d8   0x080001d8   0x00000004   Code   RO         6853    .ARM.Collect$$$$00000001  mc_w.l(entry2.o)
    0x080001dc   0x080001dc   0x00000004   Code   RO         6856    .ARM.Collect$$$$00000004  mc_w.l(entry5.o)
    0x080001e0   0x080001e0   0x00000000   Code   RO         6858    .ARM.Collect$$$$00000008  mc_w.l(entry7b.o)
    0x080001e0   0x080001e0   0x00000000   Code   RO         6860    .ARM.Collect$$$$0000000A  mc_w.l(entry8b.o)
    0x080001e0   0x080001e0   0x00000008   Code   RO         6861    .ARM.Collect$$$$0000000B  mc_w.l(entry9a.o)
    0x080001e8   0x080001e8   0x00000004   Code   RO         6868    .ARM.Collect$$$$0000000E  mc_w.l(entry12b.o)
    0x080001ec   0x080001ec   0x00000000   Code   RO         6863    .ARM.Collect$$$$0000000F  mc_w.l(entry10a.o)
    0x080001ec   0x080001ec   0x00000000   Code   RO         6865    .ARM.Collect$$$$00000011  mc_w.l(entry11a.o)
    0x080001ec   0x080001ec   0x00000004   Code   RO         6854    .ARM.Collect$$$$00002712  mc_w.l(entry2.o)
    0x080001f0   0x080001f0   0x000000be   Code   RO         6365    .emb_text           port.o
    0x080002ae   0x080002ae   0x00000002   PAD
    0x080002b0   0x080002b0   0x00000024   Code   RO            4    .text               startup_stm32g431xx.o
    0x080002d4   0x080002d4   0x00000062   Code   RO         6519    .text               mc_w.l(uldiv.o)
    0x08000336   0x08000336   0x00000024   Code   RO         6521    .text               mc_w.l(memcpya.o)
    0x0800035a   0x0800035a   0x00000024   Code   RO         6525    .text               mc_w.l(memseta.o)
    0x0800037e   0x0800037e   0x00000014   Code   RO         6527    .text               mc_w.l(strchr.o)
    0x08000392   0x08000392   0x0000000e   Code   RO         6529    .text               mc_w.l(strlen.o)
    0x080003a0   0x080003a0   0x0000001e   Code   RO         6531    .text               mc_w.l(strncmp.o)
    0x080003be   0x080003be   0x0000014e   Code   RO         6796    .text               mf_w.l(dadd.o)
    0x0800050c   0x0800050c   0x000000e4   Code   RO         6798    .text               mf_w.l(dmul.o)
    0x080005f0   0x080005f0   0x000000de   Code   RO         6800    .text               mf_w.l(ddiv.o)
    0x080006ce   0x080006ce   0x00000022   Code   RO         6804    .text               mf_w.l(dflti.o)
    0x080006f0   0x080006f0   0x0000001a   Code   RO         6806    .text               mf_w.l(dfltui.o)
    0x0800070a   0x0800070a   0x0000003e   Code   RO         6808    .text               mf_w.l(dfixi.o)
    0x08000748   0x08000748   0x00000026   Code   RO         6810    .text               mf_w.l(f2d.o)
    0x0800076e   0x0800076e   0x00000002   PAD
    0x08000770   0x08000770   0x00000030   Code   RO         6812    .text               mf_w.l(cdcmple.o)
    0x080007a0   0x080007a0   0x00000030   Code   RO         6814    .text               mf_w.l(cdrcmple.o)
    0x080007d0   0x080007d0   0x00000038   Code   RO         6816    .text               mf_w.l(d2f.o)
    0x08000808   0x08000808   0x0000002c   Code   RO         6870    .text               mc_w.l(uidiv.o)
    0x08000834   0x08000834   0x0000001e   Code   RO         6872    .text               mc_w.l(llshl.o)
    0x08000852   0x08000852   0x00000020   Code   RO         6874    .text               mc_w.l(llushr.o)
    0x08000872   0x08000872   0x00000024   Code   RO         6876    .text               mc_w.l(llsshr.o)
    0x08000896   0x08000896   0x00000002   PAD
    0x08000898   0x08000898   0x0000009c   Code   RO         6885    .text               mc_w.l(strtod.o)
    0x08000934   0x08000934   0x00000000   Code   RO         6887    .text               mc_w.l(iusefp.o)
    0x08000934   0x08000934   0x0000006e   Code   RO         6888    .text               mf_w.l(fepilogue.o)
    0x080009a2   0x080009a2   0x000000ba   Code   RO         6890    .text               mf_w.l(depilogue.o)
    0x08000a5c   0x08000a5c   0x000000a2   Code   RO         6892    .text               mf_w.l(dsqrt.o)
    0x08000afe   0x08000afe   0x00000030   Code   RO         6894    .text               mf_w.l(dfixul.o)
    0x08000b2e   0x08000b2e   0x00000002   PAD
    0x08000b30   0x08000b30   0x00000024   Code   RO         6896    .text               mc_w.l(init.o)
    0x08000b54   0x08000b54   0x0000000a   Code   RO         6898    .text               mc_w.l(isspace_c.o)
    0x08000b5e   0x08000b5e   0x00000002   PAD
    0x08000b60   0x08000b60   0x00000360   Code   RO         6900    .text               mc_w.l(scanf_fp.o)
    0x08000ec0   0x08000ec0   0x00000040   Code   RO         6904    .text               mc_w.l(_sgetc.o)
    0x08000f00   0x08000f00   0x00000028   Code   RO         6906    .text               mc_w.l(ctype_c.o)
    0x08000f28   0x08000f28   0x00000018   Code   RO         6909    .text               mf_w.l(dfltul.o)
    0x08000f40   0x08000f40   0x00000056   Code   RO         6919    .text               mc_w.l(__dczerorl2.o)
    0x08000f96   0x08000f96   0x00000002   PAD
    0x08000f98   0x08000f98   0x00000028   Code   RO          486    i.A7670_SendCmd     app_freertos.o
    0x08000fc0   0x08000fc0   0x000000c8   Code   RO          487    i.A7670_SendSMS     app_freertos.o
    0x08001088   0x08001088   0x000000e4   Code   RO          998    i.ADC_ConversionStop  stm32g4xx_hal_adc.o
    0x0800116c   0x0800116c   0x00000070   Code   RO         1002    i.ADC_Disable       stm32g4xx_hal_adc.o
    0x080011dc   0x080011dc   0x000000ac   Code   RO         1003    i.ADC_Enable        stm32g4xx_hal_adc.o
    0x08001288   0x08001288   0x00000002   Code   RO          848    i.BusFault_Handler  stm32g4xx_it.o
    0x0800128a   0x0800128a   0x00000002   Code   RO          849    i.DebugMon_Handler  stm32g4xx_it.o
    0x0800128c   0x0800128c   0x00000004   Code   RO          369    i.Error_Handler     main.o
    0x08001290   0x08001290   0x000000d8   Code   RO         1253    i.HAL_ADCEx_MultiModeConfigChannel  stm32g4xx_hal_adc_ex.o
    0x08001368   0x08001368   0x00000424   Code   RO         1005    i.HAL_ADC_ConfigChannel  stm32g4xx_hal_adc.o
    0x0800178c   0x0800178c   0x00000006   Code   RO         1012    i.HAL_ADC_GetValue  stm32g4xx_hal_adc.o
    0x08001792   0x08001792   0x00000002   PAD
    0x08001794   0x08001794   0x000001f4   Code   RO         1014    i.HAL_ADC_Init      stm32g4xx_hal_adc.o
    0x08001988   0x08001988   0x00000074   Code   RO          651    i.HAL_ADC_MspInit   adc.o
    0x080019fc   0x080019fc   0x000000fc   Code   RO         1018    i.HAL_ADC_PollForConversion  stm32g4xx_hal_adc.o
    0x08001af8   0x08001af8   0x000000f4   Code   RO         1020    i.HAL_ADC_Start     stm32g4xx_hal_adc.o
    0x08001bec   0x08001bec   0x0000003e   Code   RO         1024    i.HAL_ADC_Stop      stm32g4xx_hal_adc.o
    0x08001c2a   0x08001c2a   0x00000070   Code   RO         2299    i.HAL_DMA_Abort     stm32g4xx_hal_dma.o
    0x08001c9a   0x08001c9a   0x00000078   Code   RO         2300    i.HAL_DMA_Abort_IT  stm32g4xx_hal_dma.o
    0x08001d12   0x08001d12   0x00000002   PAD
    0x08001d14   0x08001d14   0x00000024   Code   RO         1452    i.HAL_Delay         stm32g4xx_hal.o
    0x08001d38   0x08001d38   0x00000234   Code   RO         2161    i.HAL_GPIO_Init     stm32g4xx_hal_gpio.o
    0x08001f6c   0x08001f6c   0x0000000a   Code   RO         2165    i.HAL_GPIO_WritePin  stm32g4xx_hal_gpio.o
    0x08001f76   0x08001f76   0x00000002   PAD
    0x08001f78   0x08001f78   0x0000000c   Code   RO         1456    i.HAL_GetTick       stm32g4xx_hal.o
    0x08001f84   0x08001f84   0x00000056   Code   RO         3422    i.HAL_I2CEx_ConfigAnalogFilter  stm32g4xx_hal_i2c_ex.o
    0x08001fda   0x08001fda   0x00000052   Code   RO         3423    i.HAL_I2CEx_ConfigDigitalFilter  stm32g4xx_hal_i2c_ex.o
    0x0800202c   0x0800202c   0x000000bc   Code   RO         2961    i.HAL_I2C_Init      stm32g4xx_hal_i2c.o
    0x080020e8   0x080020e8   0x00000164   Code   RO         2979    i.HAL_I2C_Mem_Read  stm32g4xx_hal_i2c.o
    0x0800224c   0x0800224c   0x00000158   Code   RO         2982    i.HAL_I2C_Mem_Write  stm32g4xx_hal_i2c.o
    0x080023a4   0x080023a4   0x00000100   Code   RO          693    i.HAL_I2C_MspInit   i2c.o
    0x080024a4   0x080024a4   0x00000010   Code   RO         1462    i.HAL_IncTick       stm32g4xx_hal.o
    0x080024b4   0x080024b4   0x0000001e   Code   RO         1463    i.HAL_Init          stm32g4xx_hal.o
    0x080024d2   0x080024d2   0x00000002   PAD
    0x080024d4   0x080024d4   0x00000044   Code   RO         1464    i.HAL_InitTick      stm32g4xx_hal.o
    0x08002518   0x08002518   0x0000003c   Code   RO          924    i.HAL_MspInit       stm32g4xx_hal_msp.o
    0x08002554   0x08002554   0x0000001a   Code   RO         2810    i.HAL_NVIC_EnableIRQ  stm32g4xx_hal_cortex.o
    0x0800256e   0x0800256e   0x00000002   PAD
    0x08002570   0x08002570   0x00000040   Code   RO         2816    i.HAL_NVIC_SetPriority  stm32g4xx_hal_cortex.o
    0x080025b0   0x080025b0   0x00000024   Code   RO         2817    i.HAL_NVIC_SetPriorityGrouping  stm32g4xx_hal_cortex.o
    0x080025d4   0x080025d4   0x000000bc   Code   RO         2564    i.HAL_PWREx_ControlVoltageScaling  stm32g4xx_hal_pwr_ex.o
    0x08002690   0x08002690   0x00000010   Code   RO         2576    i.HAL_PWREx_DisableUCPDDeadBattery  stm32g4xx_hal_pwr_ex.o
    0x080026a0   0x080026a0   0x00000288   Code   RO         1823    i.HAL_RCCEx_PeriphCLKConfig  stm32g4xx_hal_rcc_ex.o
    0x08002928   0x08002928   0x000001dc   Code   RO         1698    i.HAL_RCC_ClockConfig  stm32g4xx_hal_rcc.o
    0x08002b04   0x08002b04   0x00000024   Code   RO         1706    i.HAL_RCC_GetPCLK1Freq  stm32g4xx_hal_rcc.o
    0x08002b28   0x08002b28   0x00000024   Code   RO         1707    i.HAL_RCC_GetPCLK2Freq  stm32g4xx_hal_rcc.o
    0x08002b4c   0x08002b4c   0x0000006c   Code   RO         1708    i.HAL_RCC_GetSysClockFreq  stm32g4xx_hal_rcc.o
    0x08002bb8   0x08002bb8   0x00000404   Code   RO         1711    i.HAL_RCC_OscConfig  stm32g4xx_hal_rcc.o
    0x08002fbc   0x08002fbc   0x00000028   Code   RO         2821    i.HAL_SYSTICK_Config  stm32g4xx_hal_cortex.o
    0x08002fe4   0x08002fe4   0x00000002   Code   RO         4192    i.HAL_TIMEx_Break2Callback  stm32g4xx_hal_tim_ex.o
    0x08002fe6   0x08002fe6   0x00000002   Code   RO         4193    i.HAL_TIMEx_BreakCallback  stm32g4xx_hal_tim_ex.o
    0x08002fe8   0x08002fe8   0x00000002   Code   RO         4194    i.HAL_TIMEx_CommutCallback  stm32g4xx_hal_tim_ex.o
    0x08002fea   0x08002fea   0x00000002   Code   RO         4205    i.HAL_TIMEx_DirectionChangeCallback  stm32g4xx_hal_tim_ex.o
    0x08002fec   0x08002fec   0x00000002   Code   RO         4219    i.HAL_TIMEx_EncoderIndexCallback  stm32g4xx_hal_tim_ex.o
    0x08002fee   0x08002fee   0x00000002   Code   RO         4233    i.HAL_TIMEx_IndexErrorCallback  stm32g4xx_hal_tim_ex.o
    0x08002ff0   0x08002ff0   0x0000009c   Code   RO         4234    i.HAL_TIMEx_MasterConfigSynchronization  stm32g4xx_hal_tim_ex.o
    0x0800308c   0x0800308c   0x00000002   Code   RO         4255    i.HAL_TIMEx_TransitionErrorCallback  stm32g4xx_hal_tim_ex.o
    0x0800308e   0x0800308e   0x00000002   PAD
    0x08003090   0x08003090   0x00000078   Code   RO         3483    i.HAL_TIM_Base_Start_IT  stm32g4xx_hal_tim.o
    0x08003108   0x08003108   0x0000000e   Code   RO          488    i.HAL_TIM_IC_CaptureCallback  app_freertos.o
    0x08003116   0x08003116   0x00000002   PAD
    0x08003118   0x08003118   0x00000154   Code   RO         3514    i.HAL_TIM_IC_ConfigChannel  stm32g4xx_hal_tim.o
    0x0800326c   0x0800326c   0x00000062   Code   RO         3517    i.HAL_TIM_IC_Init   stm32g4xx_hal_tim.o
    0x080032ce   0x080032ce   0x00000002   PAD
    0x080032d0   0x080032d0   0x0000006c   Code   RO          741    i.HAL_TIM_IC_MspInit  tim.o
    0x0800333c   0x0800333c   0x0000012c   Code   RO         3522    i.HAL_TIM_IC_Start_IT  stm32g4xx_hal_tim.o
    0x08003468   0x08003468   0x000001a2   Code   RO         3526    i.HAL_TIM_IRQHandler  stm32g4xx_hal_tim.o
    0x0800360a   0x0800360a   0x00000002   Code   RO         3529    i.HAL_TIM_OC_DelayElapsedCallback  stm32g4xx_hal_tim.o
    0x0800360c   0x0800360c   0x00000002   Code   RO         3556    i.HAL_TIM_PWM_PulseFinishedCallback  stm32g4xx_hal_tim.o
    0x0800360e   0x0800360e   0x0000000e   Code   RO          489    i.HAL_TIM_PeriodElapsedCallback  app_freertos.o
    0x0800361c   0x0800361c   0x0000002a   Code   RO         3566    i.HAL_TIM_ReadCapturedValue  stm32g4xx_hal_tim.o
    0x08003646   0x08003646   0x00000002   Code   RO         3569    i.HAL_TIM_TriggerCallback  stm32g4xx_hal_tim.o
    0x08003648   0x08003648   0x0000003e   Code   RO         5041    i.HAL_UARTEx_DisableFifoMode  stm32g4xx_hal_uart_ex.o
    0x08003686   0x08003686   0x00000002   Code   RO         4630    i.HAL_UARTEx_RxEventCallback  stm32g4xx_hal_uart.o
    0x08003688   0x08003688   0x00000002   Code   RO         5049    i.HAL_UARTEx_RxFifoFullCallback  stm32g4xx_hal_uart_ex.o
    0x0800368a   0x0800368a   0x0000004c   Code   RO         5050    i.HAL_UARTEx_SetRxFifoThreshold  stm32g4xx_hal_uart_ex.o
    0x080036d6   0x080036d6   0x0000004c   Code   RO         5051    i.HAL_UARTEx_SetTxFifoThreshold  stm32g4xx_hal_uart_ex.o
    0x08003722   0x08003722   0x00000002   Code   RO         5053    i.HAL_UARTEx_TxFifoEmptyCallback  stm32g4xx_hal_uart_ex.o
    0x08003724   0x08003724   0x00000002   Code   RO         5054    i.HAL_UARTEx_WakeupCallback  stm32g4xx_hal_uart_ex.o
    0x08003726   0x08003726   0x00000002   Code   RO         4646    i.HAL_UART_ErrorCallback  stm32g4xx_hal_uart.o
    0x08003728   0x08003728   0x0000031c   Code   RO         4649    i.HAL_UART_IRQHandler  stm32g4xx_hal_uart.o
    0x08003a44   0x08003a44   0x0000006a   Code   RO         4650    i.HAL_UART_Init     stm32g4xx_hal_uart.o
    0x08003aae   0x08003aae   0x00000002   PAD
    0x08003ab0   0x08003ab0   0x0000015c   Code   RO          783    i.HAL_UART_MspInit  usart.o
    0x08003c0c   0x08003c0c   0x00000048   Code   RO         4655    i.HAL_UART_Receive_IT  stm32g4xx_hal_uart.o
    0x08003c54   0x08003c54   0x00000060   Code   RO          490    i.HAL_UART_RxCpltCallback  app_freertos.o
    0x08003cb4   0x08003cb4   0x000000b6   Code   RO         4659    i.HAL_UART_Transmit  stm32g4xx_hal_uart.o
    0x08003d6a   0x08003d6a   0x00000002   Code   RO         4662    i.HAL_UART_TxCpltCallback  stm32g4xx_hal_uart.o
    0x08003d6c   0x08003d6c   0x00000002   Code   RO          850    i.HardFault_Handler  stm32g4xx_it.o
    0x08003d6e   0x08003d6e   0x00000002   PAD
    0x08003d70   0x08003d70   0x00000058   Code   RO          200    i.Hcsr04Init        hr04.o
    0x08003dc8   0x08003dc8   0x0000003c   Code   RO          201    i.Hcsr04Read        hr04.o
    0x08003e04   0x08003e04   0x00000064   Code   RO          202    i.Hcsr04ReadFiltered  hr04.o
    0x08003e68   0x08003e68   0x00000024   Code   RO          203    i.Hcsr04Start       hr04.o
    0x08003e8c   0x08003e8c   0x0000010c   Code   RO          204    i.Hcsr04TimIcIsr    hr04.o
    0x08003f98   0x08003f98   0x00000018   Code   RO          205    i.Hcsr04TimOverflowIsr  hr04.o
    0x08003fb0   0x08003fb0   0x00000022   Code   RO         3008    i.I2C_Flush_TXDR    stm32g4xx_hal_i2c.o
    0x08003fd2   0x08003fd2   0x00000002   PAD
    0x08003fd4   0x08003fd4   0x0000010c   Code   RO         3016    i.I2C_IsErrorOccurred  stm32g4xx_hal_i2c.o
    0x080040e0   0x080040e0   0x00000064   Code   RO         3021    i.I2C_RequestMemoryRead  stm32g4xx_hal_i2c.o
    0x08004144   0x08004144   0x00000064   Code   RO         3022    i.I2C_RequestMemoryWrite  stm32g4xx_hal_i2c.o
    0x080041a8   0x080041a8   0x00000030   Code   RO         3025    i.I2C_TransferConfig  stm32g4xx_hal_i2c.o
    0x080041d8   0x080041d8   0x0000007a   Code   RO         3027    i.I2C_WaitOnFlagUntilTimeout  stm32g4xx_hal_i2c.o
    0x08004252   0x08004252   0x00000056   Code   RO         3029    i.I2C_WaitOnSTOPFlagUntilTimeout  stm32g4xx_hal_i2c.o
    0x080042a8   0x080042a8   0x0000005a   Code   RO         3030    i.I2C_WaitOnTXISFlagUntilTimeout  stm32g4xx_hal_i2c.o
    0x08004302   0x08004302   0x000001d6   Code   RO           13    i.Kalman_getAngle   mpu6050.o
    0x080044d8   0x080044d8   0x0000000c   Code   RO         1028    i.LL_ADC_GetOffsetChannel  stm32g4xx_hal_adc.o
    0x080044e4   0x080044e4   0x00000008   Code   RO         1029    i.LL_ADC_INJ_IsConversionOngoing  stm32g4xx_hal_adc.o
    0x080044ec   0x080044ec   0x00000008   Code   RO         1030    i.LL_ADC_REG_IsConversionOngoing  stm32g4xx_hal_adc.o
    0x080044f4   0x080044f4   0x00000008   Code   RO         1263    i.LL_ADC_REG_IsConversionOngoing  stm32g4xx_hal_adc_ex.o
    0x080044fc   0x080044fc   0x00000010   Code   RO         1031    i.LL_ADC_REG_IsTriggerSourceSWStart  stm32g4xx_hal_adc.o
    0x0800450c   0x0800450c   0x0000001e   Code   RO         1033    i.LL_ADC_SetChannelSamplingTime  stm32g4xx_hal_adc.o
    0x0800452a   0x0800452a   0x00000010   Code   RO         1034    i.LL_ADC_SetOffsetState  stm32g4xx_hal_adc.o
    0x0800453a   0x0800453a   0x00000002   PAD
    0x0800453c   0x0800453c   0x000002ac   Code   RO          491    i.MPU6050_Calibrate  app_freertos.o
    0x080047e8   0x080047e8   0x00000092   Code   RO           14    i.MPU6050_Init      mpu6050.o
    0x0800487a   0x0800487a   0x00000002   PAD
    0x0800487c   0x0800487c   0x000002c4   Code   RO           16    i.MPU6050_Read_All  mpu6050.o
    0x08004b40   0x08004b40   0x00000090   Code   RO          652    i.MX_ADC1_Init      adc.o
    0x08004bd0   0x08004bd0   0x000000ec   Code   RO          492    i.MX_FREERTOS_Init  app_freertos.o
    0x08004cbc   0x08004cbc   0x00000090   Code   RO          462    i.MX_GPIO_Init      gpio.o
    0x08004d4c   0x08004d4c   0x00000058   Code   RO          694    i.MX_I2C1_Init      i2c.o
    0x08004da4   0x08004da4   0x00000058   Code   RO          695    i.MX_I2C2_Init      i2c.o
    0x08004dfc   0x08004dfc   0x0000006c   Code   RO          742    i.MX_TIM2_Init      tim.o
    0x08004e68   0x08004e68   0x00000068   Code   RO          784    i.MX_USART1_UART_Init  usart.o
    0x08004ed0   0x08004ed0   0x00000068   Code   RO          785    i.MX_USART2_UART_Init  usart.o
    0x08004f38   0x08004f38   0x00000068   Code   RO          786    i.MX_USART3_UART_Init  usart.o
    0x08004fa0   0x08004fa0   0x00000002   Code   RO          851    i.MemManage_Handler  stm32g4xx_it.o
    0x08004fa2   0x08004fa2   0x00000002   PAD
    0x08004fa4   0x08004fa4   0x000001fc   Code   RO          493    i.Mpu6050_Function  app_freertos.o
    0x080051a0   0x080051a0   0x00000002   Code   RO          852    i.NMI_Handler       stm32g4xx_it.o
    0x080051a2   0x080051a2   0x00000034   Code   RO          260    i.OLED_Clear        oled.o
    0x080051d6   0x080051d6   0x00000010   Code   RO          263    i.OLED_Init         oled.o
    0x080051e6   0x080051e6   0x00000022   Code   RO          265    i.OLED_Set_Pos      oled.o
    0x08005208   0x08005208   0x00000088   Code   RO          267    i.OLED_ShowChar     oled.o
    0x08005290   0x08005290   0x00000036   Code   RO          269    i.OLED_ShowString   oled.o
    0x080052c6   0x080052c6   0x00000002   PAD
    0x080052c8   0x080052c8   0x00000024   Code   RO          270    i.OLED_WR_CMD       oled.o
    0x080052ec   0x080052ec   0x00000024   Code   RO          271    i.OLED_WR_DATA      oled.o
    0x08005310   0x08005310   0x0000004c   Code   RO          494    i.StartBuzzerTask   app_freertos.o
    0x0800535c   0x0800535c   0x00000008   Code   RO          495    i.StartDefaultTask  app_freertos.o
    0x08005364   0x08005364   0x00000060   Code   RO          496    i.StartGpsTask      app_freertos.o
    0x080053c4   0x080053c4   0x00000038   Code   RO          497    i.StartHcsr04Task   app_freertos.o
    0x080053fc   0x080053fc   0x00000080   Code   RO          498    i.StartLedTask      app_freertos.o
    0x0800547c   0x0800547c   0x0000004c   Code   RO          499    i.StartLightTask    app_freertos.o
    0x080054c8   0x080054c8   0x000000a8   Code   RO          500    i.StartMpuTask      app_freertos.o
    0x08005570   0x08005570   0x00000100   Code   RO          501    i.StartOledTask     app_freertos.o
    0x08005670   0x08005670   0x0000017c   Code   RO          502    i.StartSmsTask      app_freertos.o
    0x080057ec   0x080057ec   0x00000018   Code   RO          853    i.SysTick_Handler   stm32g4xx_it.o
    0x08005804   0x08005804   0x00000064   Code   RO          370    i.SystemClock_Config  main.o
    0x08005868   0x08005868   0x00000010   Code   RO         5160    i.SystemInit        system_stm32g4xx.o
    0x08005878   0x08005878   0x0000000c   Code   RO          854    i.TIM2_IRQHandler   stm32g4xx_it.o
    0x08005884   0x08005884   0x000000b8   Code   RO         3571    i.TIM_Base_SetConfig  stm32g4xx_hal_tim.o
    0x0800593c   0x0800593c   0x0000001a   Code   RO         3572    i.TIM_CCxChannelCmd  stm32g4xx_hal_tim.o
    0x08005956   0x08005956   0x00000002   PAD
    0x08005958   0x08005958   0x00000098   Code   RO         3592    i.TIM_TI1_SetConfig  stm32g4xx_hal_tim.o
    0x080059f0   0x080059f0   0x00000054   Code   RO         3594    i.TIM_TI2_SetConfig  stm32g4xx_hal_tim.o
    0x08005a44   0x08005a44   0x00000044   Code   RO         5055    i.UARTEx_SetNbDataToProcess  stm32g4xx_hal_uart_ex.o
    0x08005a88   0x08005a88   0x000000c8   Code   RO         4664    i.UART_AdvFeatureConfig  stm32g4xx_hal_uart.o
    0x08005b50   0x08005b50   0x000000ac   Code   RO         4665    i.UART_CheckIdleState  stm32g4xx_hal_uart.o
    0x08005bfc   0x08005bfc   0x0000000a   Code   RO         4666    i.UART_DMAAbortOnError  stm32g4xx_hal_uart.o
    0x08005c06   0x08005c06   0x00000002   PAD
    0x08005c08   0x08005c08   0x00000054   Code   RO         4676    i.UART_EndRxTransfer  stm32g4xx_hal_uart.o
    0x08005c5c   0x08005c5c   0x000000c8   Code   RO         4678    i.UART_RxISR_16BIT  stm32g4xx_hal_uart.o
    0x08005d24   0x08005d24   0x000001a0   Code   RO         4679    i.UART_RxISR_16BIT_FIFOEN  stm32g4xx_hal_uart.o
    0x08005ec4   0x08005ec4   0x000000c8   Code   RO         4680    i.UART_RxISR_8BIT   stm32g4xx_hal_uart.o
    0x08005f8c   0x08005f8c   0x000001a0   Code   RO         4681    i.UART_RxISR_8BIT_FIFOEN  stm32g4xx_hal_uart.o
    0x0800612c   0x0800612c   0x00000274   Code   RO         4682    i.UART_SetConfig    stm32g4xx_hal_uart.o
    0x080063a0   0x080063a0   0x00000110   Code   RO         4684    i.UART_Start_Receive_IT  stm32g4xx_hal_uart.o
    0x080064b0   0x080064b0   0x00000094   Code   RO         4689    i.UART_WaitOnFlagUntilTimeout  stm32g4xx_hal_uart.o
    0x08006544   0x08006544   0x0000000c   Code   RO          855    i.USART2_IRQHandler  stm32g4xx_it.o
    0x08006550   0x08006550   0x00000002   Code   RO          856    i.UsageFault_Handler  stm32g4xx_it.o
    0x08006552   0x08006552   0x00000002   PAD
    0x08006554   0x08006554   0x00000034   Code   RO          272    i.WriteCmd          oled.o
    0x08006588   0x08006588   0x00000020   Code   RO         6768    i.__0printf         mc_w.l(printfa.o)
    0x080065a8   0x080065a8   0x00000034   Code   RO         6769    i.__0snprintf       mc_w.l(printfa.o)
    0x080065dc   0x080065dc   0x00000028   Code   RO         6770    i.__0sprintf        mc_w.l(printfa.o)
    0x08006604   0x08006604   0x00000030   Code   RO         6832    i.__ARM_fpclassify  m_wm.l(fpclassify.o)
    0x08006634   0x08006634   0x00000026   Code   RO         6834    i.__ARM_fpclassifyf  m_wm.l(fpclassifyf.o)
    0x0800665a   0x0800665a   0x00000020   Code   RO         2823    i.__NVIC_SetPriority  stm32g4xx_hal_cortex.o
    0x0800667a   0x0800667a   0x00000006   PAD
    0x08006680   0x08006680   0x000002d8   Code   RO         6442    i.__hardfp_atan     m_wm.l(atan.o)
    0x08006958   0x08006958   0x00000200   Code   RO         6456    i.__hardfp_atan2    m_wm.l(atan2.o)
    0x08006b58   0x08006b58   0x000002ac   Code   RO         6468    i.__hardfp_atan2f   m_wm.l(atan2f.o)
    0x08006e04   0x08006e04   0x00000004   PAD
    0x08006e08   0x08006e08   0x00000038   Code   RO         6480    i.__hardfp_atof     m_wm.l(atof.o)
    0x08006e40   0x08006e40   0x00000014   Code   RO         6486    i.__hardfp_fabs     m_wm.l(fabs.o)
    0x08006e54   0x08006e54   0x0000007a   Code   RO         6492    i.__hardfp_sqrt     m_wm.l(sqrt.o)
    0x08006ece   0x08006ece   0x0000003a   Code   RO         6504    i.__hardfp_sqrtf    m_wm.l(sqrtf.o)
    0x08006f08   0x08006f08   0x000000f8   Code   RO         6850    i.__kernel_poly     m_wm.l(poly.o)
    0x08007000   0x08007000   0x00000014   Code   RO         6819    i.__mathlib_dbl_infnan  m_wm.l(dunder.o)
    0x08007014   0x08007014   0x00000014   Code   RO         6820    i.__mathlib_dbl_infnan2  m_wm.l(dunder.o)
    0x08007028   0x08007028   0x00000020   Code   RO         6824    i.__mathlib_dbl_underflow  m_wm.l(dunder.o)
    0x08007048   0x08007048   0x00000006   Code   RO         6838    i.__mathlib_flt_infnan2  m_wm.l(funder.o)
    0x0800704e   0x0800704e   0x00000002   PAD
    0x08007050   0x08007050   0x00000010   Code   RO         6842    i.__mathlib_flt_underflow  m_wm.l(funder.o)
    0x08007060   0x08007060   0x0000000c   Code   RO         6879    i.__read_errno      mc_w.l(errno.o)
    0x0800706c   0x0800706c   0x0000000e   Code   RO         6913    i.__scatterload_copy  mc_w.l(handlers.o)
    0x0800707a   0x0800707a   0x00000002   Code   RO         6914    i.__scatterload_null  mc_w.l(handlers.o)
    0x0800707c   0x0800707c   0x0000000e   Code   RO         6915    i.__scatterload_zeroinit  mc_w.l(handlers.o)
    0x0800708a   0x0800708a   0x00000002   PAD
    0x0800708c   0x0800708c   0x0000000c   Code   RO         6880    i.__set_errno       mc_w.l(errno.o)
    0x08007098   0x08007098   0x00000184   Code   RO         6775    i._fp_digits        mc_w.l(printfa.o)
    0x0800721c   0x0800721c   0x0000000e   Code   RO         6902    i._is_digit         mc_w.l(scanf_fp.o)
    0x0800722a   0x0800722a   0x00000002   PAD
    0x0800722c   0x0800722c   0x000006b4   Code   RO         6776    i._printf_core      mc_w.l(printfa.o)
    0x080078e0   0x080078e0   0x00000024   Code   RO         6777    i._printf_post_padding  mc_w.l(printfa.o)
    0x08007904   0x08007904   0x0000002e   Code   RO         6778    i._printf_pre_padding  mc_w.l(printfa.o)
    0x08007932   0x08007932   0x00000016   Code   RO         6779    i._snputc           mc_w.l(printfa.o)
    0x08007948   0x08007948   0x0000000a   Code   RO         6780    i._sputc            mc_w.l(printfa.o)
    0x08007952   0x08007952   0x00000010   Code   RO         6444    i.atan              m_wm.l(atan.o)
    0x08007962   0x08007962   0x00000018   Code   RO         6488    i.fabs              m_wm.l(fabs.o)
    0x0800797a   0x0800797a   0x00000002   PAD
    0x0800797c   0x0800797c   0x00000018   Code   RO          788    i.fputc             usart.o
    0x08007994   0x08007994   0x0000000c   Code   RO         5929    i.inHandlerMode     cmsis_os.o
    0x080079a0   0x080079a0   0x0000003a   Code   RO          371    i.main              main.o
    0x080079da   0x080079da   0x0000000c   Code   RO         5931    i.makeFreeRtosPriority  cmsis_os.o
    0x080079e6   0x080079e6   0x0000000e   Code   RO         5933    i.osDelay           cmsis_os.o
    0x080079f4   0x080079f4   0x0000000a   Code   RO         5936    i.osKernelStart     cmsis_os.o
    0x080079fe   0x080079fe   0x00000018   Code   RO         5937    i.osKernelSysTick   cmsis_os.o
    0x08007a16   0x08007a16   0x00000026   Code   RO         5962    i.osSemaphoreCreate  cmsis_os.o
    0x08007a3c   0x08007a3c   0x00000050   Code   RO         5965    i.osSemaphoreRelease  cmsis_os.o
    0x08007a8c   0x08007a8c   0x00000064   Code   RO         5966    i.osSemaphoreWait   cmsis_os.o
    0x08007af0   0x08007af0   0x0000002e   Code   RO         5970    i.osThreadCreate    cmsis_os.o
    0x08007b1e   0x08007b1e   0x00000002   PAD
    0x08007b20   0x08007b20   0x00000140   Code   RO          948    i.parseGpsBuffer    gps.o
    0x08007c60   0x08007c60   0x000002dc   Code   RO          949    i.printGpsBuffer    gps.o
    0x08007f3c   0x08007f3c   0x00000070   Code   RO         5619    i.prvAddCurrentTaskToDelayedList  tasks.o
    0x08007fac   0x08007fac   0x000000d0   Code   RO         5620    i.prvAddNewTaskToReadyList  tasks.o
    0x0800807c   0x0800807c   0x00000026   Code   RO         5326    i.prvCopyDataFromQueue  queue.o
    0x080080a2   0x080080a2   0x0000006c   Code   RO         5327    i.prvCopyDataToQueue  queue.o
    0x0800810e   0x0800810e   0x00000014   Code   RO         5621    i.prvDeleteTCB      tasks.o
    0x08008122   0x08008122   0x00000002   PAD
    0x08008124   0x08008124   0x0000004c   Code   RO         6298    i.prvHeapInit       heap_4.o
    0x08008170   0x08008170   0x00000060   Code   RO         5622    i.prvIdleTask       tasks.o
    0x080081d0   0x080081d0   0x00000098   Code   RO         5623    i.prvInitialiseNewTask  tasks.o
    0x08008268   0x08008268   0x0000004c   Code   RO         6299    i.prvInsertBlockIntoFreeList  heap_4.o
    0x080082b4   0x080082b4   0x0000001c   Code   RO         5328    i.prvIsQueueEmpty   queue.o
    0x080082d0   0x080082d0   0x00000020   Code   RO         5624    i.prvResetNextTaskUnblockTime  tasks.o
    0x080082f0   0x080082f0   0x00000028   Code   RO         6366    i.prvTaskExitError  port.o
    0x08008318   0x08008318   0x0000006a   Code   RO         5329    i.prvUnlockQueue    queue.o
    0x08008382   0x08008382   0x00000002   PAD
    0x08008384   0x08008384   0x000000dc   Code   RO         6300    i.pvPortMalloc      heap_4.o
    0x08008460   0x08008460   0x00000018   Code   RO         5626    i.pvTaskIncrementMutexHeldCount  tasks.o
    0x08008478   0x08008478   0x0000002c   Code   RO         6367    i.pxPortInitialiseStack  port.o
    0x080084a4   0x080084a4   0x00000026   Code   RO         5286    i.uxListRemove      list.o
    0x080084ca   0x080084ca   0x00000016   Code   RO         5287    i.vListInitialise   list.o
    0x080084e0   0x080084e0   0x00000006   Code   RO         5288    i.vListInitialiseItem  list.o
    0x080084e6   0x080084e6   0x00000030   Code   RO         5289    i.vListInsert       list.o
    0x08008516   0x08008516   0x00000018   Code   RO         5290    i.vListInsertEnd    list.o
    0x0800852e   0x0800852e   0x00000002   PAD
    0x08008530   0x08008530   0x00000040   Code   RO         6369    i.vPortEnterCritical  port.o
    0x08008570   0x08008570   0x00000028   Code   RO         6370    i.vPortExitCritical  port.o
    0x08008598   0x08008598   0x00000064   Code   RO         6301    i.vPortFree         heap_4.o
    0x080085fc   0x080085fc   0x00000024   Code   RO         6371    i.vPortSetupTimerInterrupt  port.o
    0x08008620   0x08008620   0x00000054   Code   RO         6372    i.vPortValidateInterruptPriority  port.o
    0x08008674   0x08008674   0x0000004c   Code   RO         5633    i.vTaskDelay        tasks.o
    0x080086c0   0x080086c0   0x00000010   Code   RO         5636    i.vTaskInternalSetTimeOutState  tasks.o
    0x080086d0   0x080086d0   0x0000000c   Code   RO         5637    i.vTaskMissedYield  tasks.o
    0x080086dc   0x080086dc   0x00000030   Code   RO         5639    i.vTaskPlaceOnEventList  tasks.o
    0x0800870c   0x0800870c   0x000000a0   Code   RO         5641    i.vTaskPriorityDisinheritAfterTimeout  tasks.o
    0x080087ac   0x080087ac   0x00000068   Code   RO         5646    i.vTaskStartScheduler  tasks.o
    0x08008814   0x08008814   0x000000bc   Code   RO         5647    i.vTaskSuspend      tasks.o
    0x080088d0   0x080088d0   0x00000010   Code   RO         5648    i.vTaskSuspendAll   tasks.o
    0x080088e0   0x080088e0   0x0000005c   Code   RO         5649    i.vTaskSwitchContext  tasks.o
    0x0800893c   0x0800893c   0x000000f4   Code   RO         6373    i.xPortStartScheduler  port.o
    0x08008a30   0x08008a30   0x0000002c   Code   RO         6374    i.xPortSysTickHandler  port.o
    0x08008a5c   0x08008a5c   0x00000042   Code   RO         5337    i.xQueueGenericCreate  queue.o
    0x08008a9e   0x08008a9e   0x00000002   PAD
    0x08008aa0   0x08008aa0   0x00000088   Code   RO         5338    i.xQueueGenericReset  queue.o
    0x08008b28   0x08008b28   0x00000160   Code   RO         5339    i.xQueueGenericSend  queue.o
    0x08008c88   0x08008c88   0x0000009c   Code   RO         5341    i.xQueueGiveFromISR  queue.o
    0x08008d24   0x08008d24   0x0000009a   Code   RO         5347    i.xQueueReceiveFromISR  queue.o
    0x08008dbe   0x08008dbe   0x00000002   PAD
    0x08008dc0   0x08008dc0   0x00000178   Code   RO         5348    i.xQueueSemaphoreTake  queue.o
    0x08008f38   0x08008f38   0x00000074   Code   RO         5651    i.xTaskCheckForTimeOut  tasks.o
    0x08008fac   0x08008fac   0x00000056   Code   RO         5652    i.xTaskCreate       tasks.o
    0x08009002   0x08009002   0x00000002   PAD
    0x08009004   0x08009004   0x0000001c   Code   RO         5656    i.xTaskGetSchedulerState  tasks.o
    0x08009020   0x08009020   0x0000000c   Code   RO         5657    i.xTaskGetTickCount  tasks.o
    0x0800902c   0x0800902c   0x00000010   Code   RO         5658    i.xTaskGetTickCountFromISR  tasks.o
    0x0800903c   0x0800903c   0x000000cc   Code   RO         5659    i.xTaskIncrementTick  tasks.o
    0x08009108   0x08009108   0x00000098   Code   RO         5662    i.xTaskPriorityDisinherit  tasks.o
    0x080091a0   0x080091a0   0x0000008c   Code   RO         5663    i.xTaskPriorityInherit  tasks.o
    0x0800922c   0x0800922c   0x00000074   Code   RO         5664    i.xTaskRemoveFromEventList  tasks.o
    0x080092a0   0x080092a0   0x000000c4   Code   RO         5665    i.xTaskResumeAll    tasks.o
    0x08009364   0x08009364   0x000009c8   Data   RO          274    .constdata          oled.o
    0x08009d2c   0x08009d2c   0x000000b4   Data   RO          506    .constdata          app_freertos.o
    0x08009de0   0x08009de0   0x00000018   Data   RO         4690    .constdata          stm32g4xx_hal_uart.o
    0x08009df8   0x08009df8   0x00000010   Data   RO         5056    .constdata          stm32g4xx_hal_uart_ex.o
    0x08009e08   0x08009e08   0x00000010   Data   RO         5161    .constdata          system_stm32g4xx.o
    0x08009e18   0x08009e18   0x00000008   Data   RO         5162    .constdata          system_stm32g4xx.o
    0x08009e20   0x08009e20   0x00000098   Data   RO         6445    .constdata          m_wm.l(atan.o)
    0x08009eb8   0x08009eb8   0x00000008   Data   RO         6852    .constdata          m_wm.l(qnan.o)
    0x08009ec0   0x08009ec0   0x00000040   Data   RO         6907    .constdata          mc_w.l(ctype_c.o)
    0x08009f00   0x08009f00   0x0000011d   Data   RO          507    .conststring        app_freertos.o
    0x0800a01d   0x0800a01d   0x00000003   PAD
    0x0800a020   0x0800a020   0x00000020   Data   RO         6911    Region$$Table       anon$$obj.o


    Execution Region RW_IRAM1 (Exec base: 0x20000000, Load base: 0x0800a040, Size: 0x00004700, Max: 0x00008000, ABSOLUTE, COMPRESSED[0x0000004c])

    Exec Addr    Load Addr    Size         Type   Attr      Idx    E Section Name        Object

    0x20000000   COMPRESSED   0x00000098   Data   RW           21    .data               mpu6050.o
    0x20000098   COMPRESSED   0x0000001b   Data   RW          275    .data               oled.o
    0x200000b3   COMPRESSED   0x00000001   PAD
    0x200000b4   COMPRESSED   0x00000074   Data   RW          508    .data               app_freertos.o
    0x20000128   COMPRESSED   0x0000000c   Data   RW         1483    .data               stm32g4xx_hal.o
    0x20000134   COMPRESSED   0x00000004   Data   RW         5163    .data               system_stm32g4xx.o
    0x20000138   COMPRESSED   0x0000003c   Data   RW         5668    .data               tasks.o
    0x20000174   COMPRESSED   0x00000020   Data   RW         6307    .data               heap_4.o
    0x20000194   COMPRESSED   0x0000000c   Data   RW         6375    .data               port.o
    0x200001a0   COMPRESSED   0x00000004   Data   RW         6869    .data               mc_w.l(stdout.o)
    0x200001a4   COMPRESSED   0x00000004   Data   RW         6881    .data               mc_w.l(errno.o)
    0x200001a8        -       0x00000028   Zero   RW          206    .bss                hr04.o
    0x200001d0        -       0x00000070   Zero   RW          503    .bss                app_freertos.o
    0x20000240        -       0x0000006c   Zero   RW          653    .bss                adc.o
    0x200002ac        -       0x000000a8   Zero   RW          696    .bss                i2c.o
    0x20000354        -       0x0000004c   Zero   RW          743    .bss                tim.o
    0x200003a0        -       0x000001bc   Zero   RW          789    .bss                usart.o
    0x2000055c        -       0x000000b3   Zero   RW          950    .bss                gps.o
    0x2000060f   COMPRESSED   0x00000001   PAD
    0x20000610        -       0x000000f0   Zero   RW         5667    .bss                tasks.o
    0x20000700        -       0x00003c00   Zero   RW         6306    .bss                heap_4.o
    0x20004300        -       0x00000400   Zero   RW            1    STACK               startup_stm32g431xx.o


==============================================================================

Image component sizes


      Code (inc. data)   RO Data    RW Data    ZI Data      Debug   Object Name

       260         12          0          0        108       1869   adc.o
      3036        808        465        116        112      15006   app_freertos.o
       336         10          0          0          0      22062   cmsis_os.o
         0          0          0          0          0       9296   event_groups.o
       144          8          0          0          0        983   gpio.o
      1052        154          0          0        179       4514   gps.o
       472         24          0         32      15360       7483   heap_4.o
       576         42          0          0         40       4762   hr04.o
       432         40          0          0        168       2574   i2c.o
       138          0          0          0          0       3606   list.o
       162          0          0          0          0      22864   main.o
      1324         78          0        152          0     691131   mpu6050.o
       416         28       2504         27          0       5893   oled.o
       786         82          0         12          0      11977   port.o
      1520         14          0          0          0      16276   queue.o
        36          8        472          0       1024        844   startup_stm32g431xx.o
       162         24          0         12          0       4389   stm32g4xx_hal.o
      2726        144          0          0          0      81681   stm32g4xx_hal_adc.o
       224          8          0          0          0      68127   stm32g4xx_hal_adc_ex.o
       198         14          0          0          0      33895   stm32g4xx_hal_cortex.o
       232          0          0          0          0       2019   stm32g4xx_hal_dma.o
       574         32          0          0          0       2336   stm32g4xx_hal_gpio.o
      1736         38          0          0          0      12390   stm32g4xx_hal_i2c.o
       168          0          0          0          0       1947   stm32g4xx_hal_i2c_ex.o
        60          6          0          0          0        890   stm32g4xx_hal_msp.o
       204         18          0          0          0       1425   stm32g4xx_hal_pwr_ex.o
      1684         88          0          0          0       6356   stm32g4xx_hal_rcc.o
       648         10          0          0          0       1916   stm32g4xx_hal_rcc_ex.o
      1770        130          0          0          0      12067   stm32g4xx_hal_tim.o
       170         24          0          0          0       5520   stm32g4xx_hal_tim_ex.o
      3908        144         24          0          0      37030   stm32g4xx_hal_uart.o
       288          6         16          0          0       5454   stm32g4xx_hal_uart_ex.o
        60         12          0          0          0       4345   stm32g4xx_it.o
        16          4         24          4          0       1159   system_stm32g4xx.o
      2422        198          0         60        240      28525   tasks.o
       216          8          0          0         76       1828   tim.o
       684         60          0          0        444       4000   usart.o

    ----------------------------------------------------------------------
     28898       2276       3540        416      17752    1138439   Object Totals
         0          0         32          0          0          0   (incl. Generated)
        58          0          3          1          1          0   (incl. Padding)

    ----------------------------------------------------------------------

      Code (inc. data)   RO Data    RW Data    ZI Data      Debug   Library Member Name

       744        106        152          0          0        352   atan.o
       512         64          0          0          0        208   atan2.o
       684         90          0          0          0        208   atan2f.o
        56         12          0          0          0        132   atof.o
        72          8          0          0          0        372   dunder.o
        44          0          0          0          0        248   fabs.o
        48          0          0          0          0        124   fpclassify.o
        38          0          0          0          0        116   fpclassifyf.o
        22          6          0          0          0        232   funder.o
       248          0          0          0          0        152   poly.o
         0          0          8          0          0          0   qnan.o
       122          0          0          0          0        148   sqrt.o
        58          0          0          0          0        136   sqrtf.o
        86          0          0          0          0          0   __dczerorl2.o
        64          0          0          0          0         84   _sgetc.o
        40          6         64          0          0         68   ctype_c.o
         0          0          0          0          0          0   entry.o
         0          0          0          0          0          0   entry10a.o
         0          0          0          0          0          0   entry11a.o
         4          0          0          0          0          0   entry12b.o
         8          4          0          0          0          0   entry2.o
         4          0          0          0          0          0   entry5.o
         0          0          0          0          0          0   entry7b.o
         0          0          0          0          0          0   entry8b.o
         8          4          0          0          0          0   entry9a.o
        24         12          0          4          0        136   errno.o
        30          0          0          0          0          0   handlers.o
        36          8          0          0          0         68   init.o
        10          0          0          0          0         68   isspace_c.o
         0          0          0          0          0          0   iusefp.o
        30          0          0          0          0         68   llshl.o
        36          0          0          0          0         68   llsshr.o
        32          0          0          0          0         68   llushr.o
        36          0          0          0          0         68   memcpya.o
        36          0          0          0          0        108   memseta.o
      2342        100          0          0          0        772   printfa.o
       878         12          0          0          0        216   scanf_fp.o
         0          0          0          4          0          0   stdout.o
        20          0          0          0          0         68   strchr.o
        14          0          0          0          0         68   strlen.o
        30          0          0          0          0         80   strncmp.o
       156         12          0          0          0        120   strtod.o
        44          0          0          0          0         80   uidiv.o
        98          0          0          0          0         92   uldiv.o
        48          0          0          0          0         68   cdcmple.o
        48          0          0          0          0         68   cdrcmple.o
        56          0          0          0          0         88   d2f.o
       334          0          0          0          0        148   dadd.o
       222          0          0          0          0        100   ddiv.o
       186          0          0          0          0        176   depilogue.o
        62          0          0          0          0         80   dfixi.o
        48          0          0          0          0         68   dfixul.o
        34          0          0          0          0         76   dflti.o
        26          0          0          0          0         76   dfltui.o
        24          0          0          0          0         76   dfltul.o
       228          0          0          0          0         96   dmul.o
       162          0          0          0          0        100   dsqrt.o
        38          0          0          0          0         68   f2d.o
       110          0          0          0          0        168   fepilogue.o

    ----------------------------------------------------------------------
      8362        448        224          8          0       6184   Library Totals
        22          4          0          0          0          0   (incl. Padding)

    ----------------------------------------------------------------------

      Code (inc. data)   RO Data    RW Data    ZI Data      Debug   Library Name

      2648        286        160          0          0       2428   m_wm.l
      4066        158         64          8          0       2300   mc_w.l
      1626          0          0          0          0       1456   mf_w.l

    ----------------------------------------------------------------------
      8362        448        224          8          0       6184   Library Totals

    ----------------------------------------------------------------------

==============================================================================


      Code (inc. data)   RO Data    RW Data    ZI Data      Debug   

     37260       2724       3764        424      17752    1119579   Grand Totals
     37260       2724       3764         76      17752    1119579   ELF Image Totals (compressed)
     37260       2724       3764         76          0          0   ROM Totals

==============================================================================

    Total RO  Size (Code + RO Data)                41024 (  40.06kB)
    Total RW  Size (RW Data + ZI Data)             18176 (  17.75kB)
    Total ROM Size (Code + RO Data + RW Data)      41100 (  40.14kB)

==============================================================================

